Archive member included to satisfy reference by file (symbol)

/opt/stm32cubeide/plugins/com.st.stm32cube.ide.mcu.externaltools.gnu-tools-for-stm32.12.3.rel1.linux64_1.1.0.202410170702/tools/bin/../lib/gcc/arm-none-eabi/12.3.1/../../../../arm-none-eabi/lib/thumb/v7e-m+fp/hard/libstdc++_nano.a(del_ops.o)
                              ./Core/Src/si5351.o (operator delete(void*, unsigned int))
/opt/stm32cubeide/plugins/com.st.stm32cube.ide.mcu.externaltools.gnu-tools-for-stm32.12.3.rel1.linux64_1.1.0.202410170702/tools/bin/../lib/gcc/arm-none-eabi/12.3.1/../../../../arm-none-eabi/lib/thumb/v7e-m+fp/hard/libstdc++_nano.a(new_opv.o)
                              ./Core/Src/si5351.o (operator new[](unsigned int))
/opt/stm32cubeide/plugins/com.st.stm32cube.ide.mcu.externaltools.gnu-tools-for-stm32.12.3.rel1.linux64_1.1.0.202410170702/tools/bin/../lib/gcc/arm-none-eabi/12.3.1/../../../../arm-none-eabi/lib/thumb/v7e-m+fp/hard/libstdc++_nano.a(del_op.o)
                              /opt/stm32cubeide/plugins/com.st.stm32cube.ide.mcu.externaltools.gnu-tools-for-stm32.12.3.rel1.linux64_1.1.0.202410170702/tools/bin/../lib/gcc/arm-none-eabi/12.3.1/../../../../arm-none-eabi/lib/thumb/v7e-m+fp/hard/libstdc++_nano.a(del_ops.o) (operator delete(void*))
/opt/stm32cubeide/plugins/com.st.stm32cube.ide.mcu.externaltools.gnu-tools-for-stm32.12.3.rel1.linux64_1.1.0.202410170702/tools/bin/../lib/gcc/arm-none-eabi/12.3.1/../../../../arm-none-eabi/lib/thumb/v7e-m+fp/hard/libstdc++_nano.a(new_op.o)
                              /opt/stm32cubeide/plugins/com.st.stm32cube.ide.mcu.externaltools.gnu-tools-for-stm32.12.3.rel1.linux64_1.1.0.202410170702/tools/bin/../lib/gcc/arm-none-eabi/12.3.1/../../../../arm-none-eabi/lib/thumb/v7e-m+fp/hard/libstdc++_nano.a(new_opv.o) (operator new(unsigned int))
/opt/stm32cubeide/plugins/com.st.stm32cube.ide.mcu.externaltools.gnu-tools-for-stm32.12.3.rel1.linux64_1.1.0.202410170702/tools/bin/../lib/gcc/arm-none-eabi/12.3.1/../../../../arm-none-eabi/lib/thumb/v7e-m+fp/hard/libstdc++_nano.a(new_handler.o)
                              /opt/stm32cubeide/plugins/com.st.stm32cube.ide.mcu.externaltools.gnu-tools-for-stm32.12.3.rel1.linux64_1.1.0.202410170702/tools/bin/../lib/gcc/arm-none-eabi/12.3.1/../../../../arm-none-eabi/lib/thumb/v7e-m+fp/hard/libstdc++_nano.a(new_op.o) (std::get_new_handler())
/opt/stm32cubeide/plugins/com.st.stm32cube.ide.mcu.externaltools.gnu-tools-for-stm32.12.3.rel1.linux64_1.1.0.202410170702/tools/bin/../lib/gcc/arm-none-eabi/12.3.1/../../../../arm-none-eabi/lib/thumb/v7e-m+fp/hard/libm.a(libm_a-w_pow.o)
                              ./Core/Src/main_cxx.o (pow)
/opt/stm32cubeide/plugins/com.st.stm32cube.ide.mcu.externaltools.gnu-tools-for-stm32.12.3.rel1.linux64_1.1.0.202410170702/tools/bin/../lib/gcc/arm-none-eabi/12.3.1/../../../../arm-none-eabi/lib/thumb/v7e-m+fp/hard/libm.a(libm_a-s_finite.o)
                              /opt/stm32cubeide/plugins/com.st.stm32cube.ide.mcu.externaltools.gnu-tools-for-stm32.12.3.rel1.linux64_1.1.0.202410170702/tools/bin/../lib/gcc/arm-none-eabi/12.3.1/../../../../arm-none-eabi/lib/thumb/v7e-m+fp/hard/libm.a(libm_a-w_pow.o) (finite)
/opt/stm32cubeide/plugins/com.st.stm32cube.ide.mcu.externaltools.gnu-tools-for-stm32.12.3.rel1.linux64_1.1.0.202410170702/tools/bin/../lib/gcc/arm-none-eabi/12.3.1/../../../../arm-none-eabi/lib/thumb/v7e-m+fp/hard/libm.a(libm_a-e_pow.o)
                              /opt/stm32cubeide/plugins/com.st.stm32cube.ide.mcu.externaltools.gnu-tools-for-stm32.12.3.rel1.linux64_1.1.0.202410170702/tools/bin/../lib/gcc/arm-none-eabi/12.3.1/../../../../arm-none-eabi/lib/thumb/v7e-m+fp/hard/libm.a(libm_a-w_pow.o) (__ieee754_pow)
/opt/stm32cubeide/plugins/com.st.stm32cube.ide.mcu.externaltools.gnu-tools-for-stm32.12.3.rel1.linux64_1.1.0.202410170702/tools/bin/../lib/gcc/arm-none-eabi/12.3.1/../../../../arm-none-eabi/lib/thumb/v7e-m+fp/hard/libm.a(libm_a-s_fabs.o)
                              /opt/stm32cubeide/plugins/com.st.stm32cube.ide.mcu.externaltools.gnu-tools-for-stm32.12.3.rel1.linux64_1.1.0.202410170702/tools/bin/../lib/gcc/arm-none-eabi/12.3.1/../../../../arm-none-eabi/lib/thumb/v7e-m+fp/hard/libm.a(libm_a-e_pow.o) (fabs)
/opt/stm32cubeide/plugins/com.st.stm32cube.ide.mcu.externaltools.gnu-tools-for-stm32.12.3.rel1.linux64_1.1.0.202410170702/tools/bin/../lib/gcc/arm-none-eabi/12.3.1/../../../../arm-none-eabi/lib/thumb/v7e-m+fp/hard/libm.a(libm_a-s_scalbn.o)
                              /opt/stm32cubeide/plugins/com.st.stm32cube.ide.mcu.externaltools.gnu-tools-for-stm32.12.3.rel1.linux64_1.1.0.202410170702/tools/bin/../lib/gcc/arm-none-eabi/12.3.1/../../../../arm-none-eabi/lib/thumb/v7e-m+fp/hard/libm.a(libm_a-e_pow.o) (scalbn)
/opt/stm32cubeide/plugins/com.st.stm32cube.ide.mcu.externaltools.gnu-tools-for-stm32.12.3.rel1.linux64_1.1.0.202410170702/tools/bin/../lib/gcc/arm-none-eabi/12.3.1/../../../../arm-none-eabi/lib/thumb/v7e-m+fp/hard/libm.a(libm_a-math_err.o)
[...]
Memory Configuration

Name             Origin             Length             Attributes
RAM              0x20000000         0x00010000         xrw
FLASH            0x08000000         0x00040000         xr
*default*        0x00000000         0xffffffff

Linker script and memory map

LOAD /opt/stm32cubeide/plugins/com.st.stm32cube.ide.mcu.externaltools.gnu-tools-for-stm32.12.3.rel1.linux64_1.1.0.202410170702/tools/bin/../lib/gcc/arm-none-eabi/12.3.1/thumb/v7e-m+fp/hard/crti.o
LOAD /opt/stm32cubeide/plugins/com.st.stm32cube.ide.mcu.externaltools.gnu-tools-for-stm32.12.3.rel1.linux64_1.1.0.202410170702/tools/bin/../lib/gcc/arm-none-eabi/12.3.1/thumb/v7e-m+fp/hard/crtbegin.o
LOAD /opt/stm32cubeide/plugins/com.st.stm32cube.ide.mcu.externaltools.gnu-tools-for-stm32.12.3.rel1.linux64_1.1.0.202410170702/tools/bin/../lib/gcc/arm-none-eabi/12.3.1/../../../../arm-none-eabi/lib/thumb/v7e-m+fp/hard/crt0.o
LOAD ./Core/Src/Button.o
LOAD ./Core/Src/LCD.o
LOAD ./Core/Src/adc.o
LOAD ./Core/Src/dma.o
LOAD ./Core/Src/gpio.o
LOAD ./Core/Src/i2c.o
LOAD ./Core/Src/lcd_controller.o
LOAD ./Core/Src/main.o
LOAD ./Core/Src/main_cxx.o
LOAD ./Core/Src/si5351.o
LOAD ./Core/Src/stm32f4xx_hal_msp.o
LOAD ./Core/Src/stm32f4xx_it.o
LOAD ./Core/Src/syscalls.o
LOAD ./Core/Src/sysmem.o
LOAD ./Core/Src/system_stm32f4xx.o
LOAD ./Core/Src/tim.o
LOAD ./Core/Startup/startup_stm32f401rctx.o
LOAD ./Drivers/STM32F4xx_HAL_Driver/Src/stm32f4xx_hal.o
LOAD ./Drivers/STM32F4xx_HAL_Driver/Src/stm32f4xx_hal_adc.o
LOAD ./Drivers/STM32F4xx_HAL_Driver/Src/stm32f4xx_hal_adc_ex.o
LOAD ./Drivers/STM32F4xx_HAL_Driver/Src/stm32f4xx_hal_cortex.o
LOAD ./Drivers/STM32F4xx_HAL_Driver/Src/stm32f4xx_hal_dma.o
LOAD ./Drivers/STM32F4xx_HAL_Driver/Src/stm32f4xx_hal_dma_ex.o
LOAD ./Drivers/STM32F4xx_HAL_Driver/Src/stm32f4xx_hal_exti.o
LOAD ./Drivers/STM32F4xx_HAL_Driver/Src/stm32f4xx_hal_flash.o
LOAD ./Drivers/STM32F4xx_HAL_Driver/Src/stm32f4xx_hal_flash_ex.o
LOAD ./Drivers/STM32F4xx_HAL_Driver/Src/stm32f4xx_hal_flash_ramfunc.o
LOAD ./Drivers/STM32F4xx_HAL_Driver/Src/stm32f4xx_hal_gpio.o
LOAD ./Drivers/STM32F4xx_HAL_Driver/Src/stm32f4xx_hal_i2c.o
LOAD ./Drivers/STM32F4xx_HAL_Driver/Src/stm32f4xx_hal_i2c_ex.o
LOAD ./Drivers/STM32F4xx_HAL_Driver/Src/stm32f4xx_hal_pcd.o
LOAD ./Drivers/STM32F4xx_HAL_Driver/Src/stm32f4xx_hal_pcd_ex.o
LOAD ./Drivers/STM32F4xx_HAL_Driver/Src/stm32f4xx_hal_pwr.o
LOAD ./Drivers/STM32F4xx_HAL_Driver/Src/stm32f4xx_hal_pwr_ex.o
LOAD ./Drivers/STM32F4xx_HAL_Driver/Src/stm32f4xx_hal_rcc.o
LOAD ./Drivers/STM32F4xx_HAL_Driver/Src/stm32f4xx_hal_rcc_ex.o
LOAD ./Drivers/STM32F4xx_HAL_Driver/Src/stm32f4xx_hal_tim.o
LOAD ./Drivers/STM32F4xx_HAL_Driver/Src/stm32f4xx_hal_tim_ex.o
LOAD ./Drivers/STM32F4xx_HAL_Driver/Src/stm32f4xx_ll_adc.o
LOAD ./Drivers/STM32F4xx_HAL_Driver/Src/stm32f4xx_ll_usb.o
LOAD ./Middlewares/ST/STM32_USB_Device_Library/Class/CDC/Src/usbd_cdc.o
LOAD ./Middlewares/ST/STM32_USB_Device_Library/Core/Src/usbd_core.o
LOAD ./Middlewares/ST/STM32_USB_Device_Library/Core/Src/usbd_ctlreq.o
LOAD ./Middlewares/ST/STM32_USB_Device_Library/Core/Src/usbd_ioreq.o
LOAD ./USB_DEVICE/App/usb_device.o
LOAD ./USB_DEVICE/App/usbd_cdc_if.o
LOAD ./USB_DEVICE/App/usbd_desc.o
LOAD ./USB_DEVICE/Target/usbd_conf.o
START GROUP
LOAD /opt/stm32cubeide/plugins/com.st.stm32cube.ide.mcu.externaltools.gnu-tools-for-stm32.12.3.rel1.linux64_1.1.0.202410170702/tools/bin/../lib/gcc/arm-none-eabi/12.3.1/../../../../arm-none-eabi/lib/thumb/v7e-m+fp/hard/libstdc++_nano.a
LOAD /opt/stm32cubeide/plugins/com.st.stm32cube.ide.mcu.externaltools.gnu-tools-for-stm32.12.3.rel1.linux64_1.1.0.202410170702/tools/bin/../lib/gcc/arm-none-eabi/12.3.1/../../../../arm-none-eabi/lib/thumb/v7e-m+fp/hard/libsupc++_nano.a
END GROUP
LOAD /opt/stm32cubeide/plugins/com.st.stm32cube.ide.mcu.externaltools.gnu-tools-for-stm32.12.3.rel1.linux64_1.1.0.202410170702/tools/bin/../lib/gcc/arm-none-eabi/12.3.1/../../../../arm-none-eabi/lib/thumb/v7e-m+fp/hard/libstdc++_nano.a
LOAD /opt/stm32cubeide/plugins/com.st.stm32cube.ide.mcu.externaltools.gnu-tools-for-stm32.12.3.rel1.linux64_1.1.0.202410170702/tools/bin/../lib/gcc/arm-none-eabi/12.3.1/../../../../arm-none-eabi/lib/thumb/v7e-m+fp/hard/libm.a
LOAD /opt/stm32cubeide/plugins/com.st.stm32cube.ide.mcu.externaltools.gnu-tools-for-stm32.12.3.rel1.linux64_1.1.0.202410170702/tools/bin/../lib/gcc/arm-none-eabi/12.3.1/../../../../arm-none-eabi/lib/thumb/v7e-m+fp/hard/libc.a
START GROUP
LOAD /opt/stm32cubeide/plugins/com.st.stm32cube.ide.mcu.externaltools.gnu-tools-for-stm32.12.3.rel1.linux64_1.1.0.202410170702/tools/bin/../lib/gcc/arm-none-eabi/12.3.1/thumb/v7e-m+fp/hard/libgcc.a
LOAD /opt/stm32cubeide/plugins/com.st.stm32cube.ide.mcu.externaltools.gnu-tools-for-stm32.12.3.rel1.linux64_1.1.0.202410170702/tools/bin/../lib/gcc/arm-none-eabi/12.3.1/../../../../arm-none-eabi/lib/thumb/v7e-m+fp/hard/libc.a
END GROUP
START GROUP
LOAD /opt/stm32cubeide/plugins/com.st.stm32cube.ide.mcu.externaltools.gnu-tools-for-stm32.12.3.rel1.linux64_1.1.0.202410170702/tools/bin/../lib/gcc/arm-none-eabi/12.3.1/thumb/v7e-m+fp/hard/libgcc.a
LOAD /opt/stm32cubeide/plugins/com.st.stm32cube.ide.mcu.externaltools.gnu-tools-for-stm32.12.3.rel1.linux64_1.1.0.202410170702/tools/bin/../lib/gcc/arm-none-eabi/12.3.1/../../../../arm-none-eabi/lib/thumb/v7e-m+fp/hard/libc.a
LOAD /opt/stm32cubeide/plugins/com.st.stm32cube.ide.mcu.externaltools.gnu-tools-for-stm32.12.3.rel1.linux64_1.1.0.202410170702/tools/bin/../lib/gcc/arm-none-eabi/12.3.1/../../../../arm-none-eabi/lib/thumb/v7e-m+fp/hard/libnosys.a
END GROUP
START GROUP
LOAD /opt/stm32cubeide/plugins/com.st.stm32cube.ide.mcu.externaltools.gnu-tools-for-stm32.12.3.rel1.linux64_1.1.0.202410170702/tools/bin/../lib/gcc/arm-none-eabi/12.3.1/thumb/v7e-m+fp/hard/libgcc.a
LOAD /opt/stm32cubeide/plugins/com.st.stm32cube.ide.mcu.externaltools.gnu-tools-for-stm32.12.3.rel1.linux64_1.1.0.202410170702/tools/bin/../lib/gcc/arm-none-eabi/12.3.1/../../../../arm-none-eabi/lib/thumb/v7e-m+fp/hard/libc.a
LOAD /opt/stm32cubeide/plugins/com.st.stm32cube.ide.mcu.externaltools.gnu-tools-for-stm32.12.3.rel1.linux64_1.1.0.202410170702/tools/bin/../lib/gcc/arm-none-eabi/12.3.1/../../../../arm-none-eabi/lib/thumb/v7e-m+fp/hard/libnosys.a
END GROUP
LOAD /opt/stm32cubeide/plugins/com.st.stm32cube.ide.mcu.externaltools.gnu-tools-for-stm32.12.3.rel1.linux64_1.1.0.202410170702/tools/bin/../lib/gcc/arm-none-eabi/12.3.1/thumb/v7e-m+fp/hard/crtend.o
LOAD /opt/stm32cubeide/plugins/com.st.stm32cube.ide.mcu.externaltools.gnu-tools-for-stm32.12.3.rel1.linux64_1.1.0.202410170702/tools/bin/../lib/gcc/arm-none-eabi/12.3.1/thumb/v7e-m+fp/hard/crtn.o
                0x20010000                        _estack = (ORIGIN (RAM) + LENGTH (RAM))
                0x00000200                        _Min_Heap_Size = 0x200
                0x00000400                        _Min_Stack_Size = 0x400

.isr_vector     0x08000000      0x194
                0x08000000                        . = ALIGN (0x4)
 *(.isr_vector)
 .isr_vector    0x08000000      0x194 ./Core/Startup/startup_stm32f401rctx.o
                0x08000000                g_pfnVectors
                0x08000194                        . = ALIGN (0x4)

.text           0x080001a0    0x14304
                0x080001a0                        . = ALIGN (0x4)
 *(.text)
 .text          0x080001a0       0x40 /opt/stm32cubeide/plugins/com.st.stm32cube.ide.mcu.externaltools.gnu-tools-for-stm32.12.3.rel1.linux64_1.1.0.202410170702/tools/bin/../lib/gcc/arm-none-eabi/12.3.1/thumb/v7e-m+fp/hard/crtbegin.o
 .text          0x080001e0       0x10 /opt/stm32cubeide/plugins/com.st.stm32cube.ide.mcu.externaltools.gnu-tools-for-stm32.12.3.rel1.linux64_1.1.0.202410170702/tools/bin/../lib/gcc/arm-none-eabi/12.3.1/../../../../arm-none-eabi/lib/thumb/v7e-m+fp/hard/libc.a(libc_a-strlen.o)
                0x080001e0                strlen
 .text          0x080001f0       0xa0 /opt/stm32cubeide/plugins/com.st.stm32cube.ide.mcu.externaltools.gnu-tools-for-stm32.12.3.rel1.linux64_1.1.0.202410170702/tools/bin/../lib/gcc/arm-none-eabi/12.3.1/../../../../arm-none-eabi/lib/thumb/v7e-m+fp/hard/libc.a(libc_a-memchr.o)
                0x080001f0                memchr
 .text          0x08000290      0x378 /opt/stm32cubeide/plugins/com.st.stm32cube.ide.mcu.externaltools.gnu-tools-for-stm32.12.3.rel1.linux64_1.1.0.202410170702/tools/bin/../lib/gcc/arm-none-eabi/12.3.1/thumb/v7e-m+fp/hard/libgcc.a(_arm_addsubdf3.o)
                0x08000290                __aeabi_drsub
                0x08000298                __aeabi_dsub
                0x08000298                __subdf3
                0x0800029c                __adddf3
                0x0800029c                __aeabi_dadd
                0x08000514                __aeabi_ui2d
                0x08000514                __floatunsidf
                0x08000534                __floatsidf
                0x08000534                __aeabi_i2d
                0x08000558                __extendsfdf2
                0x08000558                __aeabi_f2d
                0x0800059c                __aeabi_ul2d
                0x0800059c                __floatundidf
                0x080005ac                __floatdidf
                0x080005ac                __aeabi_l2d
 .text          0x08000608      0x424 /opt/stm32cubeide/plugins/com.st.stm32cube.ide.mcu.externaltools.gnu-tools-for-stm32.12.3.rel1.linux64_1.1.0.202410170702/tools/bin/../lib/gcc/arm-none-eabi/12.3.1/thumb/v7e-m+fp/hard/libgcc.a(_arm_muldivdf3.o)
                0x08000608                __aeabi_dmul
                0x08000608                __muldf3
                0x0800085c                __aeabi_ddiv
                0x0800085c                __divdf3
 .text          0x08000a2c      0x110 /opt/stm32cubeide/plugins/com.st.stm32cube.ide.mcu.externaltools.gnu-tools-for-stm32.12.3.rel1.linux64_1.1.0.202410170702/tools/bin/../lib/gcc/arm-none-eabi/12.3.1/thumb/v7e-m+fp/hard/libgcc.a(_arm_cmpdf2.o)
                0x08000a2c                __gtdf2
                0x08000a2c                __gedf2
                0x08000a34                __ltdf2
                0x08000a34                __ledf2
                0x08000a3c                __cmpdf2
                0x08000a3c                __eqdf2
                0x08000a3c                __nedf2
                0x08000ab8                __aeabi_cdrcmple
                0x08000ac8                __aeabi_cdcmple
                0x08000ac8                __aeabi_cdcmpeq
                0x08000ad8                __aeabi_dcmpeq
                0x08000aec                __aeabi_dcmplt
                0x08000b00                __aeabi_dcmple
                0x08000b14                __aeabi_dcmpge
                0x08000b28                __aeabi_dcmpgt
 .text          0x08000b3c       0x2c /opt/stm32cubeide/plugins/com.st.stm32cube.ide.mcu.externaltools.gnu-tools-for-stm32.12.3.rel1.linux64_1.1.0.202410170702/tools/bin/../lib/gcc/arm-none-eabi/12.3.1/thumb/v7e-m+fp/hard/libgcc.a(_arm_unorddf2.o)
                0x08000b3c                __aeabi_dcmpun
                0x08000b3c                __unorddf2
 .text          0x08000b68       0x50 /opt/stm32cubeide/plugins/com.st.stm32cube.ide.mcu.externaltools.gnu-tools-for-stm32.12.3.rel1.linux64_1.1.0.202410170702/tools/bin/../lib/gcc/arm-none-eabi/12.3.1/thumb/v7e-m+fp/hard/libgcc.a(_arm_fixdfsi.o)
                0x08000b68                __fixdfsi
                0x08000b68                __aeabi_d2iz
 .text          0x08000bb8       0xa0 /opt/stm32cubeide/plugins/com.st.stm32cube.ide.mcu.externaltools.gnu-tools-for-stm32.12.3.rel1.linux64_1.1.0.202410170702/tools/bin/../lib/gcc/arm-none-eabi/12.3.1/thumb/v7e-m+fp/hard/libgcc.a(_arm_truncdfsf2.o)
                0x08000bb8                __aeabi_d2f
                0x08000bb8                __truncdfsf2
 .text          0x08000c58       0xa0 /opt/stm32cubeide/plugins/com.st.stm32cube.ide.mcu.externaltools.gnu-tools-for-stm32.12.3.rel1.linux64_1.1.0.202410170702/tools/bin/../lib/gcc/arm-none-eabi/12.3.1/thumb/v7e-m+fp/hard/libgcc.a(_aeabi_ldivmod.o)
                0x08000c58                __aeabi_ldivmod
 .text          0x08000cf8       0x30 /opt/stm32cubeide/plugins/com.st.stm32cube.ide.mcu.externaltools.gnu-tools-for-stm32.12.3.rel1.linux64_1.1.0.202410170702/tools/bin/../lib/gcc/arm-none-eabi/12.3.1/thumb/v7e-m+fp/hard/libgcc.a(_aeabi_uldivmod.o)
                0x08000cf8                __aeabi_uldivmod
 .text          0x08000d28       0x3c /opt/stm32cubeide/plugins/com.st.stm32cube.ide.mcu.externaltools.gnu-tools-for-stm32.12.3.rel1.linux64_1.1.0.202410170702/tools/bin/../lib/gcc/arm-none-eabi/12.3.1/thumb/v7e-m+fp/hard/libgcc.a(_fixunsdfdi.o)
                0x08000d28                __aeabi_d2ulz
                0x08000d28                __fixunsdfdi
 .text          0x08000d64      0x2bc /opt/stm32cubeide/plugins/com.st.stm32cube.ide.mcu.externaltools.gnu-tools-for-stm32.12.3.rel1.linux64_1.1.0.202410170702/tools/bin/../lib/gcc/arm-none-eabi/12.3.1/thumb/v7e-m+fp/hard/libgcc.a(_udivmoddi4.o)
                0x08000d64                __udivmoddi4
 .text          0x08001020        0x4 /opt/stm32cubeide/plugins/com.st.stm32cube.ide.mcu.externaltools.gnu-tools-for-stm32.12.3.rel1.linux64_1.1.0.202410170702/tools/bin/../lib/gcc/arm-none-eabi/12.3.1/thumb/v7e-m+fp/hard/libgcc.a(_dvmd_tls.o)
                0x08001020                __aeabi_ldiv0
                0x08001020                __aeabi_idiv0
 .text          0x08001024       0x40 /opt/stm32cubeide/plugins/com.st.stm32cube.ide.mcu.externaltools.gnu-tools-for-stm32.12.3.rel1.linux64_1.1.0.202410170702/tools/bin/../lib/gcc/arm-none-eabi/12.3.1/thumb/v7e-m+fp/hard/libgcc.a(_arm_fixunsdfsi.o)
                0x08001024                __fixunsdfsi
                0x08001024                __aeabi_d2uiz
 *(.text*)
 .text._ZN6ButtonC2EP12GPIO_TypeDeftmm
                0x08001064       0x4e ./Core/Src/Button.o
                0x08001064                Button::Button(GPIO_TypeDef*, unsigned short, unsigned long, unsigned long)
                0x08001064                Button::Button(GPIO_TypeDef*, unsigned short, unsigned long, unsigned long)
 .text._ZN6Button15handleInterruptEv
                0x080010b2       0x8a ./Core/Src/Button.o
                0x080010b2                Button::handleInterrupt()
 .text._ZN6Button4loopEv
                0x0800113c       0x34 ./Core/Src/Button.o
                0x0800113c                Button::loop()
 .text._ZNK6Button8getStateEv
                0x08001170       0x18 ./Core/Src/Button.o
                0x08001170                Button::getState() const
 .text._ZN3LCDC2EP17I2C_HandleTypeDefh
                0x08001188       0x32 ./Core/Src/LCD.o
                0x08001188                LCD::LCD(I2C_HandleTypeDef*, unsigned char)
                0x08001188                LCD::LCD(I2C_HandleTypeDef*, unsigned char)
 .text._ZN3LCD11sendCommandEc
                0x080011ba       0x6a ./Core/Src/LCD.o
                0x080011ba                LCD::sendCommand(char)
 .text._ZN3LCD8sendDataEc
                0x08001224       0x6a ./Core/Src/LCD.o
                0x08001224                LCD::sendData(char)
 .text._ZN3LCD4initEv
                0x0800128e       0x94 ./Core/Src/LCD.o
                0x0800128e                LCD::init()
 .text._ZN3LCD5clearEv
                0x08001322       0x1e ./Core/Src/LCD.o
                0x08001322                LCD::clear()
 .text._ZN3LCD9setCursorEhh
                0x08001340       0x48 ./Core/Src/LCD.o
                0x08001340                LCD::setCursor(unsigned char, unsigned char)
 .text._ZN3LCD10sendStringEPKc
                0x08001388       0x2e ./Core/Src/LCD.o
                0x08001388                LCD::sendString(char const*)
 *fill*         0x080013b6        0x2 
 .text.MX_ADC1_Init
                0x080013b8       0xa4 ./Core/Src/adc.o
                0x080013b8                MX_ADC1_Init
 .text.HAL_ADC_MspInit
                0x0800145c      0x100 ./Core/Src/adc.o
                0x0800145c                HAL_ADC_MspInit
 .text.MX_DMA_Init
                0x0800155c       0x40 ./Core/Src/dma.o
                0x0800155c                MX_DMA_Init
 .text.MX_GPIO_Init
                0x0800159c       0xa4 ./Core/Src/gpio.o
                0x0800159c                MX_GPIO_Init
 .text.MX_I2C1_Init
                0x08001640       0x5c ./Core/Src/i2c.o
                0x08001640                MX_I2C1_Init
 .text.HAL_I2C_MspInit
                0x0800169c       0x90 ./Core/Src/i2c.o
                0x0800169c                HAL_I2C_MspInit
 .text._ZN14LCD_ControllerC2Ev
                0x0800172c       0x48 ./Core/Src/lcd_controller.o
                0x0800172c                LCD_Controller::LCD_Controller()
                0x0800172c                LCD_Controller::LCD_Controller()
 .text._Z28format_number_with_separatoryPcj
                0x08001774       0xd8 ./Core/Src/lcd_controller.o
                0x08001774                format_number_with_separator(unsigned long long, char*, unsigned int)
 .text._ZN14LCD_Controller5beginEv
                0x0800184c       0x18 ./Core/Src/lcd_controller.o
                0x0800184c                LCD_Controller::begin()
 .text._ZN14LCD_Controller10set_screenE10LCD_SCREEN
                0x08001864      0x114 ./Core/Src/lcd_controller.o
                0x08001864                LCD_Controller::set_screen(LCD_SCREEN)
 .text._ZN14LCD_Controller7serviceEv
                0x08001978      0x390 ./Core/Src/lcd_controller.o
                0x08001978                LCD_Controller::service()
 .text._ZN14LCD_Controller11draw_cursorEab
                0x08001d08       0x44 ./Core/Src/lcd_controller.o
                0x08001d08                LCD_Controller::draw_cursor(signed char, bool)
 .text._ZN14LCD_Controller16set_arrow_cursorEa
                0x08001d4c       0xe8 ./Core/Src/lcd_controller.o
                0x08001d4c                LCD_Controller::set_arrow_cursor(signed char)
 .text._ZN14LCD_Controller22increment_arrow_cursorEv
                0x08001e34       0x26 ./Core/Src/lcd_controller.o
                0x08001e34                LCD_Controller::increment_arrow_cursor()
 .text._ZN14LCD_Controller22decrement_arrow_cursorEv
                0x08001e5a       0x26 ./Core/Src/lcd_controller.o
                0x08001e5a                LCD_Controller::decrement_arrow_cursor()
 .text._ZN14LCD_Controller15set_arrow_blinkEb
                0x08001e80       0x8c ./Core/Src/lcd_controller.o
                0x08001e80                LCD_Controller::set_arrow_blink(bool)
 .text._ZN14LCD_Controller13set_digit_rowEa
                0x08001f0c       0x20 ./Core/Src/lcd_controller.o
                0x08001f0c                LCD_Controller::set_digit_row(signed char)
 .text._ZN14LCD_Controller13set_digit_colEa
                0x08001f2c       0x20 ./Core/Src/lcd_controller.o
                0x08001f2c                LCD_Controller::set_digit_col(signed char)
 .text._ZN14LCD_Controller22increment_digit_cursorEv
                0x08001f4c       0x3a ./Core/Src/lcd_controller.o
                0x08001f4c                LCD_Controller::increment_digit_cursor()
 *fill*         0x08001f86        0x2 
 .text._Z41__static_initialization_and_destruction_0ii
                0x08001f88       0x40 ./Core/Src/lcd_controller.o
 .text._GLOBAL__sub_I_lcd
                0x08001fc8       0x10 ./Core/Src/lcd_controller.o
 .text.main     0x08001fd8       0x30 ./Core/Src/main.o
                0x08001fd8                main
 .text.SystemClock_Config
                0x08002008       0xd8 ./Core/Src/main.o
                0x08002008                SystemClock_Config
 .text.Error_Handler
                0x080020e0        0xc ./Core/Src/main.o
                0x080020e0                Error_Handler
 .text._ZN14LCD_Controller16get_arrow_cursorEv
                0x080020ec       0x1a ./Core/Src/main_cxx.o
                0x080020ec                LCD_Controller::get_arrow_cursor()
 .text._ZN14LCD_Controller15get_arrow_blinkEv
                0x08002106       0x18 ./Core/Src/main_cxx.o
                0x08002106                LCD_Controller::get_arrow_blink()
 .text._ZN14LCD_Controller13get_digit_rowEv
                0x0800211e       0x1a ./Core/Src/main_cxx.o
                0x0800211e                LCD_Controller::get_digit_row()
 .text._ZN14LCD_Controller13get_digit_colEv
                0x08002138       0x1a ./Core/Src/main_cxx.o
                0x08002138                LCD_Controller::get_digit_col()
 .text._ZN14LCD_Controller17force_refresh_rowEi
                0x08002152       0x24 ./Core/Src/main_cxx.o
                0x08002152                LCD_Controller::force_refresh_row(int)
 *fill*         0x08002176        0x2 
 .text._Z23check_encoder_directionP17TIM_HandleTypeDef
                0x08002178       0x6c ./Core/Src/main_cxx.o
                0x08002178                check_encoder_direction(TIM_HandleTypeDef*)
 .text.HAL_GPIO_EXTI_Callback
                0x080021e4       0x24 ./Core/Src/main_cxx.o
                0x080021e4                HAL_GPIO_EXTI_Callback
 .text._Z11bound_valueRyyy
                0x08002208       0x52 ./Core/Src/main_cxx.o
                0x08002208                bound_value(unsigned long long&, unsigned long long, unsigned long long)
 *fill*         0x0800225a        0x6 
 .text.HAL_ADC_ConvCpltCallback
                0x08002260       0x50 ./Core/Src/main_cxx.o
                0x08002260                HAL_ADC_ConvCpltCallback
 .text.main_cxx
                0x080022b0      0xc3c ./Core/Src/main_cxx.o
                0x080022b0                main_cxx
 .text._ZSt3powIiiEN9__gnu_cxx11__promote_2IT_T0_NS0_9__promoteIS2_XsrSt12__is_integerIS2_E7__valueEE6__typeENS4_IS3_XsrS5_IS3_E7__valueEE6__typeEE6__typeES2_S3_
                0x08002eec       0x40 ./Core/Src/main_cxx.o
                0x08002eec                __gnu_cxx::__promote_2<int, int, __gnu_cxx::__promote<int, std::__is_integer<int>::__value>::__type, __gnu_cxx::__promote<int, std::__is_integer<int>::__value>::__type>::__type std::pow<int, int>(int, int)
 .text._Z41__static_initialization_and_destruction_0ii
                0x08002f2c       0x50 ./Core/Src/main_cxx.o
 .text._GLOBAL__sub_I_encoder_button
                0x08002f7c       0x10 ./Core/Src/main_cxx.o
 .text._ZN6Si5351C2EP17I2C_HandleTypeDefh
                0x08002f8c       0x5c ./Core/Src/si5351.o
                0x08002f8c                Si5351::Si5351(I2C_HandleTypeDef*, unsigned char)
                0x08002f8c                Si5351::Si5351(I2C_HandleTypeDef*, unsigned char)
 .text._ZN6Si53514initEhml
                0x08002fe8       0xc0 ./Core/Src/si5351.o
                0x08002fe8                Si5351::init(unsigned char, unsigned long, long)
 .text._ZN6Si53515resetEv
                0x080030a8      0x1c8 ./Core/Src/si5351.o
                0x080030a8                Si5351::reset()
 .text._ZN6Si53518set_freqEy12si5351_clock
                0x08003270      0x564 ./Core/Src/si5351.o
                0x08003270                Si5351::set_freq(unsigned long long, si5351_clock)
 .text._ZN6Si53517set_pllEy10si5351_pll
                0x080037d4      0x1da ./Core/Src/si5351.o
                0x080037d4                Si5351::set_pll(unsigned long long, si5351_pll)
 *fill*         0x080039ae        0x2 
 .text._ZN6Si53516set_msE12si5351_clock12Si5351RegSethhh
                0x080039b0      0x2ac ./Core/Src/si5351.o
                0x080039b0                Si5351::set_ms(si5351_clock, Si5351RegSet, unsigned char, unsigned char, unsigned char)
 .text._ZN6Si535113output_enableE12si5351_clockh
                0x08003c5c       0x64 ./Core/Src/si5351.o
                0x08003c5c                Si5351::output_enable(si5351_clock, unsigned char)
 .text._ZN6Si535114set_correctionEl16si5351_pll_input
                0x08003cc0       0x42 ./Core/Src/si5351.o
                0x08003cc0                Si5351::set_correction(long, si5351_pll_input)
 .text._ZN6Si53519pll_resetE10si5351_pll
                0x08003d02       0x36 ./Core/Src/si5351.o
                0x08003d02                Si5351::pll_reset(si5351_pll)
 .text._ZN6Si535113set_ms_sourceE12si5351_clock10si5351_pll
                0x08003d38       0x62 ./Core/Src/si5351.o
                0x08003d38                Si5351::set_ms_source(si5351_clock, si5351_pll)
 .text._ZN6Si53517set_intE12si5351_clockh
                0x08003d9a       0x52 ./Core/Src/si5351.o
                0x08003d9a                Si5351::set_int(si5351_clock, unsigned char)
 .text._ZN6Si535112set_ref_freqEm16si5351_pll_input
                0x08003dec       0xac ./Core/Src/si5351.o
                0x08003dec                Si5351::set_ref_freq(unsigned long, si5351_pll_input)
 .text._ZN6Si535117si5351_write_bulkEhhPh
                0x08003e98       0x48 ./Core/Src/si5351.o
                0x08003e98                Si5351::si5351_write_bulk(unsigned char, unsigned char, unsigned char*)
 .text._ZN6Si535112si5351_writeEhh
                0x08003ee0       0x42 ./Core/Src/si5351.o
                0x08003ee0                Si5351::si5351_write(unsigned char, unsigned char)
 .text._ZN6Si535111si5351_readEh
                0x08003f22       0x40 ./Core/Src/si5351.o
                0x08003f22                Si5351::si5351_read(unsigned char)
 *fill*         0x08003f62        0x6 
 .text._ZN6Si53518pll_calcE10si5351_pllyP12Si5351RegSetlh
                0x08003f68      0x6ac ./Core/Src/si5351.o
                0x08003f68                Si5351::pll_calc(si5351_pll, unsigned long long, Si5351RegSet*, long, unsigned char)
 *fill*         0x08004614        0x4 
 .text._ZN6Si535115multisynth_calcEyyP12Si5351RegSet
                0x08004618      0x2b8 ./Core/Src/si5351.o
                0x08004618                Si5351::multisynth_calc(unsigned long long, unsigned long long, Si5351RegSet*)
 .text._ZN6Si535117multisynth67_calcEyyP12Si5351RegSet
                0x080048d0      0x220 ./Core/Src/si5351.o
                0x080048d0                Si5351::multisynth67_calc(unsigned long long, unsigned long long, Si5351RegSet*)
 .text._ZN6Si53516ms_divE12si5351_clockhh
                0x08004af0      0x110 ./Core/Src/si5351.o
                0x08004af0                Si5351::ms_div(si5351_clock, unsigned char, unsigned char)
 .text._ZN6Si535112select_r_divEPy
                0x08004c00      0x200 ./Core/Src/si5351.o
                0x08004c00                Si5351::select_r_div(unsigned long long*)
 .text._ZN6Si535117select_r_div_ms67EPy
                0x08004e00      0x200 ./Core/Src/si5351.o
                0x08004e00                Si5351::select_r_div_ms67(unsigned long long*)
 .text.HAL_MspInit
                0x08005000       0x50 ./Core/Src/stm32f4xx_hal_msp.o
                0x08005000                HAL_MspInit
 .text.NMI_Handler
                0x08005050        0x8 ./Core/Src/stm32f4xx_it.o
                0x08005050                NMI_Handler
 .text.HardFault_Handler
                0x08005058        0x8 ./Core/Src/stm32f4xx_it.o
                0x08005058                HardFault_Handler
 .text.MemManage_Handler
                0x08005060        0x8 ./Core/Src/stm32f4xx_it.o
                0x08005060                MemManage_Handler
 .text.BusFault_Handler
                0x08005068        0x8 ./Core/Src/stm32f4xx_it.o
                0x08005068                BusFault_Handler
 .text.UsageFault_Handler
                0x08005070        0x8 ./Core/Src/stm32f4xx_it.o
                0x08005070                UsageFault_Handler
 .text.SVC_Handler
                0x08005078        0xe ./Core/Src/stm32f4xx_it.o
                0x08005078                SVC_Handler
 .text.DebugMon_Handler
                0x08005086        0xe ./Core/Src/stm32f4xx_it.o
                0x08005086                DebugMon_Handler
 .text.PendSV_Handler
                0x08005094        0xe ./Core/Src/stm32f4xx_it.o
                0x08005094                PendSV_Handler
 .text.SysTick_Handler
                0x080050a2        0xc ./Core/Src/stm32f4xx_it.o
                0x080050a2                SysTick_Handler
 *fill*         0x080050ae        0x2 
 .text.ADC_IRQHandler
                0x080050b0       0x14 ./Core/Src/stm32f4xx_it.o
                0x080050b0                ADC_IRQHandler
 .text.EXTI9_5_IRQHandler
                0x080050c4        0xe ./Core/Src/stm32f4xx_it.o
                0x080050c4                EXTI9_5_IRQHandler
 *fill*         0x080050d2        0x2 
 .text.TIM1_TRG_COM_TIM11_IRQHandler
                0x080050d4       0x14 ./Core/Src/stm32f4xx_it.o
                0x080050d4                TIM1_TRG_COM_TIM11_IRQHandler
 .text.TIM3_IRQHandler
                0x080050e8       0x14 ./Core/Src/stm32f4xx_it.o
                0x080050e8                TIM3_IRQHandler
 .text.DMA2_Stream0_IRQHandler
                0x080050fc       0x14 ./Core/Src/stm32f4xx_it.o
                0x080050fc                DMA2_Stream0_IRQHandler
 .text.OTG_FS_IRQHandler
                0x08005110       0x14 ./Core/Src/stm32f4xx_it.o
                0x08005110                OTG_FS_IRQHandler
 .text._getpid  0x08005124       0x10 ./Core/Src/syscalls.o
                0x08005124                _getpid
 .text._kill    0x08005134       0x20 ./Core/Src/syscalls.o
                0x08005134                _kill
 .text._exit    0x08005154       0x16 ./Core/Src/syscalls.o
                0x08005154                _exit
 .text._read    0x0800516a       0x3a ./Core/Src/syscalls.o
                0x0800516a                _read
 .text._write   0x080051a4       0x38 ./Core/Src/syscalls.o
                0x080051a4                _write
 .text._close   0x080051dc       0x18 ./Core/Src/syscalls.o
                0x080051dc                _close
 .text._fstat   0x080051f4       0x20 ./Core/Src/syscalls.o
                0x080051f4                _fstat
 .text._isatty  0x08005214       0x16 ./Core/Src/syscalls.o
                0x08005214                _isatty
 .text._lseek   0x0800522a       0x1a ./Core/Src/syscalls.o
                0x0800522a                _lseek
 .text._sbrk    0x08005244       0x6c ./Core/Src/sysmem.o
                0x08005244                _sbrk
 .text.SystemInit
                0x080052b0       0x24 ./Core/Src/system_stm32f4xx.o
                0x080052b0                SystemInit
 .text.MX_TIM3_Init
                0x080052d4       0xa8 ./Core/Src/tim.o
                0x080052d4                MX_TIM3_Init
 .text.MX_TIM11_Init
                0x0800537c       0x48 ./Core/Src/tim.o
                0x0800537c                MX_TIM11_Init
 .text.HAL_TIM_Encoder_MspInit
                0x080053c4       0xa0 ./Core/Src/tim.o
                0x080053c4                HAL_TIM_Encoder_MspInit
 .text.HAL_TIM_Base_MspInit
                0x08005464       0x50 ./Core/Src/tim.o
                0x08005464                HAL_TIM_Base_MspInit
 .text.Reset_Handler
                0x080054b4       0x50 ./Core/Startup/startup_stm32f401rctx.o
                0x080054b4                Reset_Handler
 .text.Default_Handler
                0x08005504        0x2 ./Core/Startup/startup_stm32f401rctx.o
                0x08005504                RTC_Alarm_IRQHandler
                0x08005504                EXTI2_IRQHandler
                0x08005504                SPI4_IRQHandler
                0x08005504                TIM1_CC_IRQHandler
                0x08005504                DMA2_Stream5_IRQHandler
                0x08005504                DMA1_Stream5_IRQHandler
                0x08005504                PVD_IRQHandler
                0x08005504                SDIO_IRQHandler
                0x08005504                TAMP_STAMP_IRQHandler
                0x08005504                EXTI3_IRQHandler
                0x08005504                TIM1_UP_TIM10_IRQHandler
                0x08005504                I2C3_ER_IRQHandler
                0x08005504                EXTI0_IRQHandler
                0x08005504                I2C2_EV_IRQHandler
                0x08005504                DMA1_Stream2_IRQHandler
                0x08005504                FPU_IRQHandler
                0x08005504                DMA2_Stream2_IRQHandler
                0x08005504                SPI1_IRQHandler
                0x08005504                TIM1_BRK_TIM9_IRQHandler
                0x08005504                DMA2_Stream3_IRQHandler
                0x08005504                USART6_IRQHandler
                0x08005504                TIM4_IRQHandler
                0x08005504                I2C1_EV_IRQHandler
                0x08005504                DMA1_Stream6_IRQHandler
                0x08005504                DMA1_Stream1_IRQHandler
                0x08005504                RCC_IRQHandler
                0x08005504                Default_Handler
                0x08005504                EXTI15_10_IRQHandler
                0x08005504                DMA1_Stream7_IRQHandler
                0x08005504                TIM5_IRQHandler
                0x08005504                DMA2_Stream7_IRQHandler
                0x08005504                I2C3_EV_IRQHandler
                0x08005504                RTC_WKUP_IRQHandler
                0x08005504                SPI2_IRQHandler
                0x08005504                DMA1_Stream0_IRQHandler
                0x08005504                EXTI4_IRQHandler
                0x08005504                WWDG_IRQHandler
                0x08005504                TIM2_IRQHandler
                0x08005504                OTG_FS_WKUP_IRQHandler
                0x08005504                EXTI1_IRQHandler
                0x08005504                USART2_IRQHandler
                0x08005504                I2C2_ER_IRQHandler
                0x08005504                DMA2_Stream1_IRQHandler
                0x08005504                FLASH_IRQHandler
                0x08005504                DMA2_Stream4_IRQHandler
                0x08005504                USART1_IRQHandler
                0x08005504                SPI3_IRQHandler
                0x08005504                DMA1_Stream4_IRQHandler
                0x08005504                I2C1_ER_IRQHandler
                0x08005504                DMA2_Stream6_IRQHandler
                0x08005504                DMA1_Stream3_IRQHandler
 *fill*         0x08005506        0x2 
 .text.HAL_Init
                0x08005508       0x44 ./Drivers/STM32F4xx_HAL_Driver/Src/stm32f4xx_hal.o
                0x08005508                HAL_Init
 .text.HAL_InitTick
                0x0800554c       0x60 ./Drivers/STM32F4xx_HAL_Driver/Src/stm32f4xx_hal.o
                0x0800554c                HAL_InitTick
 .text.HAL_IncTick
                0x080055ac       0x28 ./Drivers/STM32F4xx_HAL_Driver/Src/stm32f4xx_hal.o
                0x080055ac                HAL_IncTick
 .text.HAL_GetTick
                0x080055d4       0x18 ./Drivers/STM32F4xx_HAL_Driver/Src/stm32f4xx_hal.o
                0x080055d4                HAL_GetTick
 .text.HAL_Delay
                0x080055ec       0x48 ./Drivers/STM32F4xx_HAL_Driver/Src/stm32f4xx_hal.o
                0x080055ec                HAL_Delay
 .text.HAL_ADC_Init
                0x08005634       0x86 ./Drivers/STM32F4xx_HAL_Driver/Src/stm32f4xx_hal_adc.o
                0x08005634                HAL_ADC_Init
 .text.HAL_ADC_IRQHandler
                0x080056ba      0x220 ./Drivers/STM32F4xx_HAL_Driver/Src/stm32f4xx_hal_adc.o
                0x080056ba                HAL_ADC_IRQHandler
 *fill*         0x080058da        0x2 
 .text.HAL_ADC_Start_DMA
                0x080058dc      0x1e0 ./Drivers/STM32F4xx_HAL_Driver/Src/stm32f4xx_hal_adc.o
                0x080058dc                HAL_ADC_Start_DMA
 .text.HAL_ADC_ConvHalfCpltCallback
                0x08005abc       0x14 ./Drivers/STM32F4xx_HAL_Driver/Src/stm32f4xx_hal_adc.o
                0x08005abc                HAL_ADC_ConvHalfCpltCallback
 .text.HAL_ADC_LevelOutOfWindowCallback
                0x08005ad0       0x14 ./Drivers/STM32F4xx_HAL_Driver/Src/stm32f4xx_hal_adc.o
                0x08005ad0                HAL_ADC_LevelOutOfWindowCallback
 .text.HAL_ADC_ErrorCallback
                0x08005ae4       0x14 ./Drivers/STM32F4xx_HAL_Driver/Src/stm32f4xx_hal_adc.o
                0x08005ae4                HAL_ADC_ErrorCallback
 .text.HAL_ADC_ConfigChannel
                0x08005af8      0x244 ./Drivers/STM32F4xx_HAL_Driver/Src/stm32f4xx_hal_adc.o
                0x08005af8                HAL_ADC_ConfigChannel
 .text.ADC_Init
                0x08005d3c      0x1f8 ./Drivers/STM32F4xx_HAL_Driver/Src/stm32f4xx_hal_adc.o
 .text.ADC_DMAConvCplt
                0x08005f34       0xba ./Drivers/STM32F4xx_HAL_Driver/Src/stm32f4xx_hal_adc.o
 .text.ADC_DMAHalfConvCplt
                0x08005fee       0x1c ./Drivers/STM32F4xx_HAL_Driver/Src/stm32f4xx_hal_adc.o
 .text.ADC_DMAError
                0x0800600a       0x2e ./Drivers/STM32F4xx_HAL_Driver/Src/stm32f4xx_hal_adc.o
 .text.HAL_ADCEx_InjectedConvCpltCallback
                0x08006038       0x14 ./Drivers/STM32F4xx_HAL_Driver/Src/stm32f4xx_hal_adc_ex.o
                0x08006038                HAL_ADCEx_InjectedConvCpltCallback
 .text.__NVIC_SetPriorityGrouping
                0x0800604c       0x48 ./Drivers/STM32F4xx_HAL_Driver/Src/stm32f4xx_hal_cortex.o
 .text.__NVIC_GetPriorityGrouping
                0x08006094       0x1c ./Drivers/STM32F4xx_HAL_Driver/Src/stm32f4xx_hal_cortex.o
 .text.__NVIC_EnableIRQ
                0x080060b0       0x3c ./Drivers/STM32F4xx_HAL_Driver/Src/stm32f4xx_hal_cortex.o
 .text.__NVIC_SetPriority
                0x080060ec       0x54 ./Drivers/STM32F4xx_HAL_Driver/Src/stm32f4xx_hal_cortex.o
 .text.NVIC_EncodePriority
                0x08006140       0x66 ./Drivers/STM32F4xx_HAL_Driver/Src/stm32f4xx_hal_cortex.o
 *fill*         0x080061a6        0x2 
 .text.SysTick_Config
                0x080061a8       0x44 ./Drivers/STM32F4xx_HAL_Driver/Src/stm32f4xx_hal_cortex.o
 .text.HAL_NVIC_SetPriorityGrouping
                0x080061ec       0x16 ./Drivers/STM32F4xx_HAL_Driver/Src/stm32f4xx_hal_cortex.o
                0x080061ec                HAL_NVIC_SetPriorityGrouping
 .text.HAL_NVIC_SetPriority
                0x08006202       0x38 ./Drivers/STM32F4xx_HAL_Driver/Src/stm32f4xx_hal_cortex.o
                0x08006202                HAL_NVIC_SetPriority
 .text.HAL_NVIC_EnableIRQ
                0x0800623a       0x1c ./Drivers/STM32F4xx_HAL_Driver/Src/stm32f4xx_hal_cortex.o
                0x0800623a                HAL_NVIC_EnableIRQ
 .text.HAL_SYSTICK_Config
                0x08006256       0x18 ./Drivers/STM32F4xx_HAL_Driver/Src/stm32f4xx_hal_cortex.o
                0x08006256                HAL_SYSTICK_Config
 *fill*         0x0800626e        0x2 
 .text.HAL_DMA_Init
                0x08006270      0x15c ./Drivers/STM32F4xx_HAL_Driver/Src/stm32f4xx_hal_dma.o
                0x08006270                HAL_DMA_Init
 .text.HAL_DMA_Start_IT
                0x080063cc       0xb0 ./Drivers/STM32F4xx_HAL_Driver/Src/stm32f4xx_hal_dma.o
                0x080063cc                HAL_DMA_Start_IT
 .text.HAL_DMA_IRQHandler
                0x0800647c      0x314 ./Drivers/STM32F4xx_HAL_Driver/Src/stm32f4xx_hal_dma.o
                0x0800647c                HAL_DMA_IRQHandler
 .text.DMA_SetConfig
                0x08006790       0x5c ./Drivers/STM32F4xx_HAL_Driver/Src/stm32f4xx_hal_dma.o
 .text.DMA_CalcBaseAndBitshift
                0x080067ec       0x6c ./Drivers/STM32F4xx_HAL_Driver/Src/stm32f4xx_hal_dma.o
 .text.DMA_CheckFifoParam
                0x08006858       0xf8 ./Drivers/STM32F4xx_HAL_Driver/Src/stm32f4xx_hal_dma.o
 .text.HAL_GPIO_Init
                0x08006950      0x308 ./Drivers/STM32F4xx_HAL_Driver/Src/stm32f4xx_hal_gpio.o
                0x08006950                HAL_GPIO_Init
 .text.HAL_GPIO_ReadPin
                0x08006c58       0x30 ./Drivers/STM32F4xx_HAL_Driver/Src/stm32f4xx_hal_gpio.o
                0x08006c58                HAL_GPIO_ReadPin
 .text.HAL_GPIO_EXTI_IRQHandler
                0x08006c88       0x30 ./Drivers/STM32F4xx_HAL_Driver/Src/stm32f4xx_hal_gpio.o
                0x08006c88                HAL_GPIO_EXTI_IRQHandler
 .text.HAL_I2C_Init
                0x08006cb8      0x288 ./Drivers/STM32F4xx_HAL_Driver/Src/stm32f4xx_hal_i2c.o
                0x08006cb8                HAL_I2C_Init
 .text.HAL_I2C_Master_Transmit
                0x08006f40      0x1fc ./Drivers/STM32F4xx_HAL_Driver/Src/stm32f4xx_hal_i2c.o
                0x08006f40                HAL_I2C_Master_Transmit
 .text.HAL_I2C_Mem_Write
                0x0800713c      0x1f4 ./Drivers/STM32F4xx_HAL_Driver/Src/stm32f4xx_hal_i2c.o
                0x0800713c                HAL_I2C_Mem_Write
 .text.HAL_I2C_Mem_Read
                0x08007330      0x464 ./Drivers/STM32F4xx_HAL_Driver/Src/stm32f4xx_hal_i2c.o
                0x08007330                HAL_I2C_Mem_Read
 .text.HAL_I2C_IsDeviceReady
                0x08007794      0x25c ./Drivers/STM32F4xx_HAL_Driver/Src/stm32f4xx_hal_i2c.o
                0x08007794                HAL_I2C_IsDeviceReady
 .text.I2C_MasterRequestWrite
                0x080079f0      0x104 ./Drivers/STM32F4xx_HAL_Driver/Src/stm32f4xx_hal_i2c.o
 .text.I2C_RequestMemoryWrite
                0x08007af4      0x12c ./Drivers/STM32F4xx_HAL_Driver/Src/stm32f4xx_hal_i2c.o
 .text.I2C_RequestMemoryRead
                0x08007c20      0x1d0 ./Drivers/STM32F4xx_HAL_Driver/Src/stm32f4xx_hal_i2c.o
 .text.I2C_WaitOnFlagUntilTimeout
                0x08007df0       0xf4 ./Drivers/STM32F4xx_HAL_Driver/Src/stm32f4xx_hal_i2c.o
 .text.I2C_WaitOnMasterAddressFlagUntilTimeout
                0x08007ee4      0x140 ./Drivers/STM32F4xx_HAL_Driver/Src/stm32f4xx_hal_i2c.o
 .text.I2C_WaitOnTXEFlagUntilTimeout
                0x08008024       0x90 ./Drivers/STM32F4xx_HAL_Driver/Src/stm32f4xx_hal_i2c.o
 .text.I2C_WaitOnBTFFlagUntilTimeout
                0x080080b4       0x90 ./Drivers/STM32F4xx_HAL_Driver/Src/stm32f4xx_hal_i2c.o
 .text.I2C_WaitOnRXNEFlagUntilTimeout
                0x08008144       0xba ./Drivers/STM32F4xx_HAL_Driver/Src/stm32f4xx_hal_i2c.o
 .text.I2C_IsAcknowledgeFailed
                0x080081fe       0x5e ./Drivers/STM32F4xx_HAL_Driver/Src/stm32f4xx_hal_i2c.o
 .text.HAL_PCD_Init
                0x0800825c      0x21e ./Drivers/STM32F4xx_HAL_Driver/Src/stm32f4xx_hal_pcd.o
                0x0800825c                HAL_PCD_Init
 .text.HAL_PCD_Start
                0x0800847a       0x6a ./Drivers/STM32F4xx_HAL_Driver/Src/stm32f4xx_hal_pcd.o
                0x0800847a                HAL_PCD_Start
 .text.HAL_PCD_IRQHandler
                0x080084e4      0x942 ./Drivers/STM32F4xx_HAL_Driver/Src/stm32f4xx_hal_pcd.o
                0x080084e4                HAL_PCD_IRQHandler
 .text.HAL_PCD_SetAddress
                0x08008e26       0x48 ./Drivers/STM32F4xx_HAL_Driver/Src/stm32f4xx_hal_pcd.o
                0x08008e26                HAL_PCD_SetAddress
 .text.HAL_PCD_EP_Open
                0x08008e6e       0xd4 ./Drivers/STM32F4xx_HAL_Driver/Src/stm32f4xx_hal_pcd.o
                0x08008e6e                HAL_PCD_EP_Open
 .text.HAL_PCD_EP_Close
                0x08008f42       0x94 ./Drivers/STM32F4xx_HAL_Driver/Src/stm32f4xx_hal_pcd.o
                0x08008f42                HAL_PCD_EP_Close
 .text.HAL_PCD_EP_Receive
                0x08008fd6       0x76 ./Drivers/STM32F4xx_HAL_Driver/Src/stm32f4xx_hal_pcd.o
                0x08008fd6                HAL_PCD_EP_Receive
 .text.HAL_PCD_EP_GetRxCount
                0x0800904c       0x30 ./Drivers/STM32F4xx_HAL_Driver/Src/stm32f4xx_hal_pcd.o
                0x0800904c                HAL_PCD_EP_GetRxCount
 .text.HAL_PCD_EP_Transmit
                0x0800907c       0x74 ./Drivers/STM32F4xx_HAL_Driver/Src/stm32f4xx_hal_pcd.o
                0x0800907c                HAL_PCD_EP_Transmit
 .text.HAL_PCD_EP_SetStall
                0x080090f0       0xc6 ./Drivers/STM32F4xx_HAL_Driver/Src/stm32f4xx_hal_pcd.o
                0x080090f0                HAL_PCD_EP_SetStall
 .text.HAL_PCD_EP_ClrStall
                0x080091b6       0xac ./Drivers/STM32F4xx_HAL_Driver/Src/stm32f4xx_hal_pcd.o
                0x080091b6                HAL_PCD_EP_ClrStall
 .text.HAL_PCD_EP_Abort
                0x08009262       0x62 ./Drivers/STM32F4xx_HAL_Driver/Src/stm32f4xx_hal_pcd.o
                0x08009262                HAL_PCD_EP_Abort
 .text.PCD_WriteEmptyTxFifo
                0x080092c4      0x118 ./Drivers/STM32F4xx_HAL_Driver/Src/stm32f4xx_hal_pcd.o
 .text.PCD_EP_OutXfrComplete_int
                0x080093dc      0x1d0 ./Drivers/STM32F4xx_HAL_Driver/Src/stm32f4xx_hal_pcd.o
 .text.PCD_EP_OutSetupPacket_int
                0x080095ac       0x8c ./Drivers/STM32F4xx_HAL_Driver/Src/stm32f4xx_hal_pcd.o
 .text.HAL_PCDEx_SetTxFiFo
                0x08009638       0x8e ./Drivers/STM32F4xx_HAL_Driver/Src/stm32f4xx_hal_pcd_ex.o
                0x08009638                HAL_PCDEx_SetTxFiFo
 .text.HAL_PCDEx_SetRxFiFo
                0x080096c6       0x22 ./Drivers/STM32F4xx_HAL_Driver/Src/stm32f4xx_hal_pcd_ex.o
                0x080096c6                HAL_PCDEx_SetRxFiFo
 .text.HAL_PCDEx_LPM_Callback
                0x080096e8       0x18 ./Drivers/STM32F4xx_HAL_Driver/Src/stm32f4xx_hal_pcd_ex.o
                0x080096e8                HAL_PCDEx_LPM_Callback
 .text.HAL_RCC_OscConfig
                0x08009700      0x4f0 ./Drivers/STM32F4xx_HAL_Driver/Src/stm32f4xx_hal_rcc.o
                0x08009700                HAL_RCC_OscConfig
 .text.HAL_RCC_ClockConfig
                0x08009bf0      0x1cc ./Drivers/STM32F4xx_HAL_Driver/Src/stm32f4xx_hal_rcc.o
                0x08009bf0                HAL_RCC_ClockConfig
 .text.HAL_RCC_GetSysClockFreq
                0x08009dbc      0x18c ./Drivers/STM32F4xx_HAL_Driver/Src/stm32f4xx_hal_rcc.o
                0x08009dbc                HAL_RCC_GetSysClockFreq
 .text.HAL_RCC_GetHCLKFreq
                0x08009f48       0x18 ./Drivers/STM32F4xx_HAL_Driver/Src/stm32f4xx_hal_rcc.o
                0x08009f48                HAL_RCC_GetHCLKFreq
 .text.HAL_RCC_GetPCLK1Freq
                0x08009f60       0x28 ./Drivers/STM32F4xx_HAL_Driver/Src/stm32f4xx_hal_rcc.o
                0x08009f60                HAL_RCC_GetPCLK1Freq
 .text.HAL_TIM_Base_Init
                0x08009f88       0x9e ./Drivers/STM32F4xx_HAL_Driver/Src/stm32f4xx_hal_tim.o
                0x08009f88                HAL_TIM_Base_Init
 *fill*         0x0800a026        0x2 
 .text.HAL_TIM_Base_Start_IT
                0x0800a028       0xc4 ./Drivers/STM32F4xx_HAL_Driver/Src/stm32f4xx_hal_tim.o
                0x0800a028                HAL_TIM_Base_Start_IT
 .text.HAL_TIM_Encoder_Init
                0x0800a0ec      0x14c ./Drivers/STM32F4xx_HAL_Driver/Src/stm32f4xx_hal_tim.o
                0x0800a0ec                HAL_TIM_Encoder_Init
 .text.HAL_TIM_Encoder_Start
                0x0800a238      0x11c ./Drivers/STM32F4xx_HAL_Driver/Src/stm32f4xx_hal_tim.o
                0x0800a238                HAL_TIM_Encoder_Start
 .text.HAL_TIM_IRQHandler
                0x0800a354      0x1e0 ./Drivers/STM32F4xx_HAL_Driver/Src/stm32f4xx_hal_tim.o
                0x0800a354                HAL_TIM_IRQHandler
 .text.HAL_TIM_PeriodElapsedCallback
                0x0800a534       0x14 ./Drivers/STM32F4xx_HAL_Driver/Src/stm32f4xx_hal_tim.o
                0x0800a534                HAL_TIM_PeriodElapsedCallback
 .text.HAL_TIM_OC_DelayElapsedCallback
                0x0800a548       0x14 ./Drivers/STM32F4xx_HAL_Driver/Src/stm32f4xx_hal_tim.o
                0x0800a548                HAL_TIM_OC_DelayElapsedCallback
 .text.HAL_TIM_IC_CaptureCallback
                0x0800a55c       0x14 ./Drivers/STM32F4xx_HAL_Driver/Src/stm32f4xx_hal_tim.o
                0x0800a55c                HAL_TIM_IC_CaptureCallback
 .text.HAL_TIM_PWM_PulseFinishedCallback
                0x0800a570       0x14 ./Drivers/STM32F4xx_HAL_Driver/Src/stm32f4xx_hal_tim.o
                0x0800a570                HAL_TIM_PWM_PulseFinishedCallback
 .text.HAL_TIM_TriggerCallback
                0x0800a584       0x14 ./Drivers/STM32F4xx_HAL_Driver/Src/stm32f4xx_hal_tim.o
                0x0800a584                HAL_TIM_TriggerCallback
 .text.TIM_Base_SetConfig
                0x0800a598      0x118 ./Drivers/STM32F4xx_HAL_Driver/Src/stm32f4xx_hal_tim.o
                0x0800a598                TIM_Base_SetConfig
 .text.TIM_CCxChannelCmd
                0x0800a6b0       0x4a ./Drivers/STM32F4xx_HAL_Driver/Src/stm32f4xx_hal_tim.o
                0x0800a6b0                TIM_CCxChannelCmd
 *fill*         0x0800a6fa        0x2 
 .text.HAL_TIMEx_MasterConfigSynchronization
                0x0800a6fc       0xdc ./Drivers/STM32F4xx_HAL_Driver/Src/stm32f4xx_hal_tim_ex.o
                0x0800a6fc                HAL_TIMEx_MasterConfigSynchronization
 .text.HAL_TIMEx_CommutCallback
                0x0800a7d8       0x14 ./Drivers/STM32F4xx_HAL_Driver/Src/stm32f4xx_hal_tim_ex.o
                0x0800a7d8                HAL_TIMEx_CommutCallback
 .text.HAL_TIMEx_BreakCallback
                0x0800a7ec       0x14 ./Drivers/STM32F4xx_HAL_Driver/Src/stm32f4xx_hal_tim_ex.o
                0x0800a7ec                HAL_TIMEx_BreakCallback
 .text.USB_CoreInit
                0x0800a800       0xc8 ./Drivers/STM32F4xx_HAL_Driver/Src/stm32f4xx_ll_usb.o
                0x0800a800                USB_CoreInit
 .text.USB_SetTurnaroundTime
                0x0800a8c8      0x144 ./Drivers/STM32F4xx_HAL_Driver/Src/stm32f4xx_ll_usb.o
                0x0800a8c8                USB_SetTurnaroundTime
 .text.USB_EnableGlobalInt
                0x0800aa0c       0x22 ./Drivers/STM32F4xx_HAL_Driver/Src/stm32f4xx_ll_usb.o
                0x0800aa0c                USB_EnableGlobalInt
 .text.USB_DisableGlobalInt
                0x0800aa2e       0x22 ./Drivers/STM32F4xx_HAL_Driver/Src/stm32f4xx_ll_usb.o
                0x0800aa2e                USB_DisableGlobalInt
 .text.USB_SetCurrentMode
                0x0800aa50       0x98 ./Drivers/STM32F4xx_HAL_Driver/Src/stm32f4xx_ll_usb.o
                0x0800aa50                USB_SetCurrentMode
 .text.USB_DevInit
                0x0800aae8      0x2c8 ./Drivers/STM32F4xx_HAL_Driver/Src/stm32f4xx_ll_usb.o
                0x0800aae8                USB_DevInit
 .text.USB_FlushTxFifo
                0x0800adb0       0x64 ./Drivers/STM32F4xx_HAL_Driver/Src/stm32f4xx_ll_usb.o
                0x0800adb0                USB_FlushTxFifo
 .text.USB_FlushRxFifo
                0x0800ae14       0x5c ./Drivers/STM32F4xx_HAL_Driver/Src/stm32f4xx_ll_usb.o
                0x0800ae14                USB_FlushRxFifo
 .text.USB_SetDevSpeed
                0x0800ae70       0x32 ./Drivers/STM32F4xx_HAL_Driver/Src/stm32f4xx_ll_usb.o
                0x0800ae70                USB_SetDevSpeed
 .text.USB_GetDevSpeed
                0x0800aea2       0x4a ./Drivers/STM32F4xx_HAL_Driver/Src/stm32f4xx_ll_usb.o
                0x0800aea2                USB_GetDevSpeed
 .text.USB_ActivateEndpoint
                0x0800aeec      0x10e ./Drivers/STM32F4xx_HAL_Driver/Src/stm32f4xx_ll_usb.o
                0x0800aeec                USB_ActivateEndpoint
 *fill*         0x0800affa        0x2 
 .text.USB_DeactivateEndpoint
                0x0800affc      0x1b8 ./Drivers/STM32F4xx_HAL_Driver/Src/stm32f4xx_ll_usb.o
                0x0800affc                USB_DeactivateEndpoint
 .text.USB_EPStartXfer
                0x0800b1b4      0x53c ./Drivers/STM32F4xx_HAL_Driver/Src/stm32f4xx_ll_usb.o
                0x0800b1b4                USB_EPStartXfer
 .text.USB_EPStopXfer
                0x0800b6f0      0x154 ./Drivers/STM32F4xx_HAL_Driver/Src/stm32f4xx_ll_usb.o
                0x0800b6f0                USB_EPStopXfer
 .text.USB_WritePacket
                0x0800b844       0x7c ./Drivers/STM32F4xx_HAL_Driver/Src/stm32f4xx_ll_usb.o
                0x0800b844                USB_WritePacket
 .text.USB_ReadPacket
                0x0800b8c0       0xb0 ./Drivers/STM32F4xx_HAL_Driver/Src/stm32f4xx_ll_usb.o
                0x0800b8c0                USB_ReadPacket
 .text.USB_EPSetStall
                0x0800b970       0xdc ./Drivers/STM32F4xx_HAL_Driver/Src/stm32f4xx_ll_usb.o
                0x0800b970                USB_EPSetStall
 .text.USB_EPClearStall
                0x0800ba4c       0xcc ./Drivers/STM32F4xx_HAL_Driver/Src/stm32f4xx_ll_usb.o
                0x0800ba4c                USB_EPClearStall
 .text.USB_SetDevAddress
                0x0800bb18       0x4c ./Drivers/STM32F4xx_HAL_Driver/Src/stm32f4xx_ll_usb.o
                0x0800bb18                USB_SetDevAddress
 .text.USB_DevConnect
                0x0800bb64       0x42 ./Drivers/STM32F4xx_HAL_Driver/Src/stm32f4xx_ll_usb.o
                0x0800bb64                USB_DevConnect
 .text.USB_DevDisconnect
                0x0800bba6       0x42 ./Drivers/STM32F4xx_HAL_Driver/Src/stm32f4xx_ll_usb.o
                0x0800bba6                USB_DevDisconnect
 .text.USB_ReadInterrupts
                0x0800bbe8       0x26 ./Drivers/STM32F4xx_HAL_Driver/Src/stm32f4xx_ll_usb.o
                0x0800bbe8                USB_ReadInterrupts
 .text.USB_ReadDevAllOutEpInterrupt
                0x0800bc0e       0x34 ./Drivers/STM32F4xx_HAL_Driver/Src/stm32f4xx_ll_usb.o
                0x0800bc0e                USB_ReadDevAllOutEpInterrupt
 .text.USB_ReadDevAllInEpInterrupt
                0x0800bc42       0x34 ./Drivers/STM32F4xx_HAL_Driver/Src/stm32f4xx_ll_usb.o
                0x0800bc42                USB_ReadDevAllInEpInterrupt
 .text.USB_ReadDevOutEPInterrupt
                0x0800bc76       0x3c ./Drivers/STM32F4xx_HAL_Driver/Src/stm32f4xx_ll_usb.o
                0x0800bc76                USB_ReadDevOutEPInterrupt
 .text.USB_ReadDevInEPInterrupt
                0x0800bcb2       0x5c ./Drivers/STM32F4xx_HAL_Driver/Src/stm32f4xx_ll_usb.o
                0x0800bcb2                USB_ReadDevInEPInterrupt
 .text.USB_GetMode
                0x0800bd0e       0x1c ./Drivers/STM32F4xx_HAL_Driver/Src/stm32f4xx_ll_usb.o
                0x0800bd0e                USB_GetMode
 .text.USB_ActivateSetup
                0x0800bd2a       0x46 ./Drivers/STM32F4xx_HAL_Driver/Src/stm32f4xx_ll_usb.o
                0x0800bd2a                USB_ActivateSetup
 .text.USB_EP0_OutStart
                0x0800bd70       0xbc ./Drivers/STM32F4xx_HAL_Driver/Src/stm32f4xx_ll_usb.o
                0x0800bd70                USB_EP0_OutStart
 .text.USB_CoreReset
                0x0800be2c       0x62 ./Drivers/STM32F4xx_HAL_Driver/Src/stm32f4xx_ll_usb.o
 *fill*         0x0800be8e        0x2 
 .text.USBD_CDC_Init
                0x0800be90      0x1f0 ./Middlewares/ST/STM32_USB_Device_Library/Class/CDC/Src/usbd_cdc.o
 .text.USBD_CDC_DeInit
                0x0800c080      0x104 ./Middlewares/ST/STM32_USB_Device_Library/Class/CDC/Src/usbd_cdc.o
 .text.USBD_CDC_Setup
                0x0800c184      0x1b8 ./Middlewares/ST/STM32_USB_Device_Library/Class/CDC/Src/usbd_cdc.o
 .text.USBD_CDC_DataIn
                0x0800c33c       0xfe ./Middlewares/ST/STM32_USB_Device_Library/Class/CDC/Src/usbd_cdc.o
 .text.USBD_CDC_DataOut
                0x0800c43a       0x70 ./Middlewares/ST/STM32_USB_Device_Library/Class/CDC/Src/usbd_cdc.o
 .text.USBD_CDC_EP0_RxReady
                0x0800c4aa       0x74 ./Middlewares/ST/STM32_USB_Device_Library/Class/CDC/Src/usbd_cdc.o
 *fill*         0x0800c51e        0x2 
 .text.USBD_CDC_GetFSCfgDesc
                0x0800c520       0x70 ./Middlewares/ST/STM32_USB_Device_Library/Class/CDC/Src/usbd_cdc.o
 .text.USBD_CDC_GetHSCfgDesc
                0x0800c590       0x70 ./Middlewares/ST/STM32_USB_Device_Library/Class/CDC/Src/usbd_cdc.o
 .text.USBD_CDC_GetOtherSpeedCfgDesc
                0x0800c600       0x70 ./Middlewares/ST/STM32_USB_Device_Library/Class/CDC/Src/usbd_cdc.o
 .text.USBD_CDC_GetDeviceQualifierDescriptor
                0x0800c670       0x20 ./Middlewares/ST/STM32_USB_Device_Library/Class/CDC/Src/usbd_cdc.o
                0x0800c670                USBD_CDC_GetDeviceQualifierDescriptor
 .text.USBD_CDC_RegisterInterface
                0x0800c690       0x34 ./Middlewares/ST/STM32_USB_Device_Library/Class/CDC/Src/usbd_cdc.o
                0x0800c690                USBD_CDC_RegisterInterface
 .text.USBD_CDC_SetTxBuffer
                0x0800c6c4       0x44 ./Middlewares/ST/STM32_USB_Device_Library/Class/CDC/Src/usbd_cdc.o
                0x0800c6c4                USBD_CDC_SetTxBuffer
 .text.USBD_CDC_SetRxBuffer
                0x0800c708       0x3a ./Middlewares/ST/STM32_USB_Device_Library/Class/CDC/Src/usbd_cdc.o
                0x0800c708                USBD_CDC_SetRxBuffer
 *fill*         0x0800c742        0x2 
 .text.USBD_CDC_TransmitPacket
                0x0800c744       0x80 ./Middlewares/ST/STM32_USB_Device_Library/Class/CDC/Src/usbd_cdc.o
                0x0800c744                USBD_CDC_TransmitPacket
 .text.USBD_CDC_ReceivePacket
                0x0800c7c4       0x6c ./Middlewares/ST/STM32_USB_Device_Library/Class/CDC/Src/usbd_cdc.o
                0x0800c7c4                USBD_CDC_ReceivePacket
 .text.USBD_Init
                0x0800c830       0x60 ./Middlewares/ST/STM32_USB_Device_Library/Core/Src/usbd_core.o
                0x0800c830                USBD_Init
 .text.USBD_RegisterClass
                0x0800c890       0x6c ./Middlewares/ST/STM32_USB_Device_Library/Core/Src/usbd_core.o
                0x0800c890                USBD_RegisterClass
 .text.USBD_Start
                0x0800c8fc       0x18 ./Middlewares/ST/STM32_USB_Device_Library/Core/Src/usbd_core.o
                0x0800c8fc                USBD_Start
 .text.USBD_RunTestMode
                0x0800c914       0x16 ./Middlewares/ST/STM32_USB_Device_Library/Core/Src/usbd_core.o
                0x0800c914                USBD_RunTestMode
 .text.USBD_SetClassConfig
                0x0800c92a       0x38 ./Middlewares/ST/STM32_USB_Device_Library/Core/Src/usbd_core.o
                0x0800c92a                USBD_SetClassConfig
 .text.USBD_ClrClassConfig
                0x0800c962       0x34 ./Middlewares/ST/STM32_USB_Device_Library/Core/Src/usbd_core.o
                0x0800c962                USBD_ClrClassConfig
 .text.USBD_LL_SetupStage
                0x0800c996       0xaa ./Middlewares/ST/STM32_USB_Device_Library/Core/Src/usbd_core.o
                0x0800c996                USBD_LL_SetupStage
 .text.USBD_LL_DataOutStage
                0x0800ca40      0x166 ./Middlewares/ST/STM32_USB_Device_Library/Core/Src/usbd_core.o
                0x0800ca40                USBD_LL_DataOutStage
 .text.USBD_LL_DataInStage
                0x0800cba6      0x164 ./Middlewares/ST/STM32_USB_Device_Library/Core/Src/usbd_core.o
                0x0800cba6                USBD_LL_DataInStage
 .text.USBD_LL_Reset
                0x0800cd0a       0xa4 ./Middlewares/ST/STM32_USB_Device_Library/Core/Src/usbd_core.o
                0x0800cd0a                USBD_LL_Reset
 .text.USBD_LL_SetSpeed
                0x0800cdae       0x20 ./Middlewares/ST/STM32_USB_Device_Library/Core/Src/usbd_core.o
                0x0800cdae                USBD_LL_SetSpeed
 .text.USBD_LL_Suspend
                0x0800cdce       0x38 ./Middlewares/ST/STM32_USB_Device_Library/Core/Src/usbd_core.o
                0x0800cdce                USBD_LL_Suspend
 .text.USBD_LL_Resume
                0x0800ce06       0x30 ./Middlewares/ST/STM32_USB_Device_Library/Core/Src/usbd_core.o
                0x0800ce06                USBD_LL_Resume
 .text.USBD_LL_SOF
                0x0800ce36       0x40 ./Middlewares/ST/STM32_USB_Device_Library/Core/Src/usbd_core.o
                0x0800ce36                USBD_LL_SOF
 .text.USBD_LL_IsoINIncomplete
                0x0800ce76       0x64 ./Middlewares/ST/STM32_USB_Device_Library/Core/Src/usbd_core.o
                0x0800ce76                USBD_LL_IsoINIncomplete
 .text.USBD_LL_IsoOUTIncomplete
                0x0800ceda       0x64 ./Middlewares/ST/STM32_USB_Device_Library/Core/Src/usbd_core.o
                0x0800ceda                USBD_LL_IsoOUTIncomplete
 .text.USBD_LL_DevConnected
                0x0800cf3e       0x16 ./Middlewares/ST/STM32_USB_Device_Library/Core/Src/usbd_core.o
                0x0800cf3e                USBD_LL_DevConnected
 .text.USBD_LL_DevDisconnected
                0x0800cf54       0x46 ./Middlewares/ST/STM32_USB_Device_Library/Core/Src/usbd_core.o
                0x0800cf54                USBD_LL_DevDisconnected
 .text.USBD_CoreFindIF
                0x0800cf9a       0x1a ./Middlewares/ST/STM32_USB_Device_Library/Core/Src/usbd_core.o
                0x0800cf9a                USBD_CoreFindIF
 .text.USBD_CoreFindEP
                0x0800cfb4       0x1a ./Middlewares/ST/STM32_USB_Device_Library/Core/Src/usbd_core.o
                0x0800cfb4                USBD_CoreFindEP
 .text.USBD_GetEpDesc
                0x0800cfce       0x70 ./Middlewares/ST/STM32_USB_Device_Library/Core/Src/usbd_core.o
                0x0800cfce                USBD_GetEpDesc
 .text.USBD_GetNextDesc
                0x0800d03e       0x38 ./Middlewares/ST/STM32_USB_Device_Library/Core/Src/usbd_core.o
                0x0800d03e                USBD_GetNextDesc
 .text.SWAPBYTE
                0x0800d076       0x3c ./Middlewares/ST/STM32_USB_Device_Library/Core/Src/usbd_ctlreq.o
 *fill*         0x0800d0b2        0x2 
 .text.USBD_StdDevReq
                0x0800d0b4       0xe4 ./Middlewares/ST/STM32_USB_Device_Library/Core/Src/usbd_ctlreq.o
                0x0800d0b4                USBD_StdDevReq
 .text.USBD_StdItfReq
                0x0800d198       0xd8 ./Middlewares/ST/STM32_USB_Device_Library/Core/Src/usbd_ctlreq.o
                0x0800d198                USBD_StdItfReq
 .text.USBD_StdEPReq
                0x0800d270      0x33a ./Middlewares/ST/STM32_USB_Device_Library/Core/Src/usbd_ctlreq.o
                0x0800d270                USBD_StdEPReq
 *fill*         0x0800d5aa        0x2 
 .text.USBD_GetDescriptor
                0x0800d5ac      0x2d4 ./Middlewares/ST/STM32_USB_Device_Library/Core/Src/usbd_ctlreq.o
 .text.USBD_SetAddress
                0x0800d880       0x88 ./Middlewares/ST/STM32_USB_Device_Library/Core/Src/usbd_ctlreq.o
 .text.USBD_SetConfig
                0x0800d908      0x154 ./Middlewares/ST/STM32_USB_Device_Library/Core/Src/usbd_ctlreq.o
 .text.USBD_GetConfig
                0x0800da5c       0x6c ./Middlewares/ST/STM32_USB_Device_Library/Core/Src/usbd_ctlreq.o
 .text.USBD_GetStatus
                0x0800dac8       0x68 ./Middlewares/ST/STM32_USB_Device_Library/Core/Src/usbd_ctlreq.o
 .text.USBD_SetFeature
                0x0800db30       0x52 ./Middlewares/ST/STM32_USB_Device_Library/Core/Src/usbd_ctlreq.o
 .text.USBD_ClrFeature
                0x0800db82       0x44 ./Middlewares/ST/STM32_USB_Device_Library/Core/Src/usbd_ctlreq.o
 .text.USBD_ParseSetupRequest
                0x0800dbc6       0x74 ./Middlewares/ST/STM32_USB_Device_Library/Core/Src/usbd_ctlreq.o
                0x0800dbc6                USBD_ParseSetupRequest
 .text.USBD_CtlError
                0x0800dc3a       0x22 ./Middlewares/ST/STM32_USB_Device_Library/Core/Src/usbd_ctlreq.o
                0x0800dc3a                USBD_CtlError
 .text.USBD_GetString
                0x0800dc5c       0xa4 ./Middlewares/ST/STM32_USB_Device_Library/Core/Src/usbd_ctlreq.o
                0x0800dc5c                USBD_GetString
 .text.USBD_GetLen
                0x0800dd00       0x34 ./Middlewares/ST/STM32_USB_Device_Library/Core/Src/usbd_ctlreq.o
 .text.USBD_CtlSendData
                0x0800dd34       0x36 ./Middlewares/ST/STM32_USB_Device_Library/Core/Src/usbd_ioreq.o
                0x0800dd34                USBD_CtlSendData
 .text.USBD_CtlContinueSendData
                0x0800dd6a       0x22 ./Middlewares/ST/STM32_USB_Device_Library/Core/Src/usbd_ioreq.o
                0x0800dd6a                USBD_CtlContinueSendData
 .text.USBD_CtlPrepareRx
                0x0800dd8c       0x3a ./Middlewares/ST/STM32_USB_Device_Library/Core/Src/usbd_ioreq.o
                0x0800dd8c                USBD_CtlPrepareRx
 .text.USBD_CtlContinueRx
                0x0800ddc6       0x22 ./Middlewares/ST/STM32_USB_Device_Library/Core/Src/usbd_ioreq.o
                0x0800ddc6                USBD_CtlContinueRx
 .text.USBD_CtlSendStatus
                0x0800dde8       0x26 ./Middlewares/ST/STM32_USB_Device_Library/Core/Src/usbd_ioreq.o
                0x0800dde8                USBD_CtlSendStatus
 .text.USBD_CtlReceiveStatus
                0x0800de0e       0x26 ./Middlewares/ST/STM32_USB_Device_Library/Core/Src/usbd_ioreq.o
                0x0800de0e                USBD_CtlReceiveStatus
 .text.MX_USB_DEVICE_Init
                0x0800de34       0x60 ./USB_DEVICE/App/usb_device.o
                0x0800de34                MX_USB_DEVICE_Init
 .text.CDC_Init_FS
                0x0800de94       0x28 ./USB_DEVICE/App/usbd_cdc_if.o
 .text.CDC_DeInit_FS
                0x0800debc       0x10 ./USB_DEVICE/App/usbd_cdc_if.o
 .text.CDC_Control_FS
                0x0800decc       0xbc ./USB_DEVICE/App/usbd_cdc_if.o
 .text.CDC_Receive_FS
                0x0800df88       0xe4 ./USB_DEVICE/App/usbd_cdc_if.o
 .text.CDC_Transmit_FS
                0x0800e06c       0x4c ./USB_DEVICE/App/usbd_cdc_if.o
                0x0800e06c                CDC_Transmit_FS
 .text.CDC_TransmitCplt_FS
                0x0800e0b8       0x22 ./USB_DEVICE/App/usbd_cdc_if.o
 *fill*         0x0800e0da        0x2 
 .text.USBD_FS_DeviceDescriptor
                0x0800e0dc       0x24 ./USB_DEVICE/App/usbd_desc.o
                0x0800e0dc                USBD_FS_DeviceDescriptor
 .text.USBD_FS_LangIDStrDescriptor
                0x0800e100       0x24 ./USB_DEVICE/App/usbd_desc.o
                0x0800e100                USBD_FS_LangIDStrDescriptor
 .text.USBD_FS_ProductStrDescriptor
                0x0800e124       0x3c ./USB_DEVICE/App/usbd_desc.o
                0x0800e124                USBD_FS_ProductStrDescriptor
 .text.USBD_FS_ManufacturerStrDescriptor
                0x0800e160       0x28 ./USB_DEVICE/App/usbd_desc.o
                0x0800e160                USBD_FS_ManufacturerStrDescriptor
 .text.USBD_FS_SerialStrDescriptor
                0x0800e188       0x24 ./USB_DEVICE/App/usbd_desc.o
                0x0800e188                USBD_FS_SerialStrDescriptor
 .text.USBD_FS_ConfigStrDescriptor
                0x0800e1ac       0x3c ./USB_DEVICE/App/usbd_desc.o
                0x0800e1ac                USBD_FS_ConfigStrDescriptor
 .text.USBD_FS_InterfaceStrDescriptor
                0x0800e1e8       0x3c ./USB_DEVICE/App/usbd_desc.o
                0x0800e1e8                USBD_FS_InterfaceStrDescriptor
 .text.Get_SerialNum
                0x0800e224       0x58 ./USB_DEVICE/App/usbd_desc.o
 .text.IntToUnicode
                0x0800e27c       0x7e ./USB_DEVICE/App/usbd_desc.o
 *fill*         0x0800e2fa        0x2 
 .text.HAL_PCD_MspInit
                0x0800e2fc       0xa8 ./USB_DEVICE/Target/usbd_conf.o
                0x0800e2fc                HAL_PCD_MspInit
 .text.HAL_PCD_SetupStageCallback
                0x0800e3a4       0x24 ./USB_DEVICE/Target/usbd_conf.o
                0x0800e3a4                HAL_PCD_SetupStageCallback
 .text.HAL_PCD_DataOutStageCallback
                0x0800e3c8       0x36 ./USB_DEVICE/Target/usbd_conf.o
                0x0800e3c8                HAL_PCD_DataOutStageCallback
 .text.HAL_PCD_DataInStageCallback
                0x0800e3fe       0x34 ./USB_DEVICE/Target/usbd_conf.o
                0x0800e3fe                HAL_PCD_DataInStageCallback
 .text.HAL_PCD_SOFCallback
                0x0800e432       0x1c ./USB_DEVICE/Target/usbd_conf.o
                0x0800e432                HAL_PCD_SOFCallback
 .text.HAL_PCD_ResetCallback
                0x0800e44e       0x3c ./USB_DEVICE/Target/usbd_conf.o
                0x0800e44e                HAL_PCD_ResetCallback
 *fill*         0x0800e48a        0x2 
 .text.HAL_PCD_SuspendCallback
                0x0800e48c       0x4c ./USB_DEVICE/Target/usbd_conf.o
                0x0800e48c                HAL_PCD_SuspendCallback
 .text.HAL_PCD_ResumeCallback
                0x0800e4d8       0x1c ./USB_DEVICE/Target/usbd_conf.o
                0x0800e4d8                HAL_PCD_ResumeCallback
 .text.HAL_PCD_ISOOUTIncompleteCallback
                0x0800e4f4       0x24 ./USB_DEVICE/Target/usbd_conf.o
                0x0800e4f4                HAL_PCD_ISOOUTIncompleteCallback
 .text.HAL_PCD_ISOINIncompleteCallback
                0x0800e518       0x24 ./USB_DEVICE/Target/usbd_conf.o
                0x0800e518                HAL_PCD_ISOINIncompleteCallback
 .text.HAL_PCD_ConnectCallback
                0x0800e53c       0x1c ./USB_DEVICE/Target/usbd_conf.o
                0x0800e53c                HAL_PCD_ConnectCallback
 .text.HAL_PCD_DisconnectCallback
                0x0800e558       0x1c ./USB_DEVICE/Target/usbd_conf.o
                0x0800e558                HAL_PCD_DisconnectCallback
 .text.USBD_LL_Init
                0x0800e574       0x98 ./USB_DEVICE/Target/usbd_conf.o
                0x0800e574                USBD_LL_Init
 .text.USBD_LL_Start
                0x0800e60c       0x36 ./USB_DEVICE/Target/usbd_conf.o
                0x0800e60c                USBD_LL_Start
 .text.USBD_LL_OpenEP
                0x0800e642       0x4c ./USB_DEVICE/Target/usbd_conf.o
                0x0800e642                USBD_LL_OpenEP
 .text.USBD_LL_CloseEP
                0x0800e68e       0x3e ./USB_DEVICE/Target/usbd_conf.o
                0x0800e68e                USBD_LL_CloseEP
 .text.USBD_LL_StallEP
                0x0800e6cc       0x3e ./USB_DEVICE/Target/usbd_conf.o
                0x0800e6cc                USBD_LL_StallEP
 .text.USBD_LL_ClearStallEP
                0x0800e70a       0x3e ./USB_DEVICE/Target/usbd_conf.o
                0x0800e70a                USBD_LL_ClearStallEP
 .text.USBD_LL_IsStallEP
                0x0800e748       0x58 ./USB_DEVICE/Target/usbd_conf.o
                0x0800e748                USBD_LL_IsStallEP
 .text.USBD_LL_SetUSBAddress
                0x0800e7a0       0x3e ./USB_DEVICE/Target/usbd_conf.o
                0x0800e7a0                USBD_LL_SetUSBAddress
 .text.USBD_LL_Transmit
                0x0800e7de       0x42 ./USB_DEVICE/Target/usbd_conf.o
                0x0800e7de                USBD_LL_Transmit
 .text.USBD_LL_PrepareReceive
                0x0800e820       0x42 ./USB_DEVICE/Target/usbd_conf.o
                0x0800e820                USBD_LL_PrepareReceive
 .text.USBD_LL_GetRxDataSize
                0x0800e862       0x26 ./USB_DEVICE/Target/usbd_conf.o
                0x0800e862                USBD_LL_GetRxDataSize
 .text.USBD_static_malloc
                0x0800e888       0x1c ./USB_DEVICE/Target/usbd_conf.o
                0x0800e888                USBD_static_malloc
 .text.USBD_static_free
                0x0800e8a4       0x14 ./USB_DEVICE/Target/usbd_conf.o
                0x0800e8a4                USBD_static_free
 .text.USBD_Get_USB_Status
                0x0800e8b8       0x58 ./USB_DEVICE/Target/usbd_conf.o
                0x0800e8b8                USBD_Get_USB_Status
 .text._ZdlPvj  0x0800e910        0x4 /opt/stm32cubeide/plugins/com.st.stm32cube.ide.mcu.externaltools.gnu-tools-for-stm32.12.3.rel1.linux64_1.1.0.202410170702/tools/bin/../lib/gcc/arm-none-eabi/12.3.1/../../../../arm-none-eabi/lib/thumb/v7e-m+fp/hard/libstdc++_nano.a(del_ops.o)
                0x0800e910                operator delete(void*, unsigned int)
 .text._Znaj    0x0800e914        0x4 /opt/stm32cubeide/plugins/com.st.stm32cube.ide.mcu.externaltools.gnu-tools-for-stm32.12.3.rel1.linux64_1.1.0.202410170702/tools/bin/../lib/gcc/arm-none-eabi/12.3.1/../../../../arm-none-eabi/lib/thumb/v7e-m+fp/hard/libstdc++_nano.a(new_opv.o)
                0x0800e914                operator new[](unsigned int)
 .text._ZdlPv   0x0800e918        0x4 /opt/stm32cubeide/plugins/com.st.stm32cube.ide.mcu.externaltools.gnu-tools-for-stm32.12.3.rel1.linux64_1.1.0.202410170702/tools/bin/../lib/gcc/arm-none-eabi/12.3.1/../../../../arm-none-eabi/lib/thumb/v7e-m+fp/hard/libstdc++_nano.a(del_op.o)
                0x0800e918                operator delete(void*)
 .text._Znwj    0x0800e91c       0x22 /opt/stm32cubeide/plugins/com.st.stm32cube.ide.mcu.externaltools.gnu-tools-for-stm32.12.3.rel1.linux64_1.1.0.202410170702/tools/bin/../lib/gcc/arm-none-eabi/12.3.1/../../../../arm-none-eabi/lib/thumb/v7e-m+fp/hard/libstdc++_nano.a(new_op.o)
                0x0800e91c                operator new(unsigned int)
 *fill*         0x0800e93e        0x2 
 .text._ZSt15get_new_handlerv
                0x0800e940       0x10 /opt/stm32cubeide/plugins/com.st.stm32cube.ide.mcu.externaltools.gnu-tools-for-stm32.12.3.rel1.linux64_1.1.0.202410170702/tools/bin/../lib/gcc/arm-none-eabi/12.3.1/../../../../arm-none-eabi/lib/thumb/v7e-m+fp/hard/libstdc++_nano.a(new_handler.o)
                0x0800e940                std::get_new_handler()
 .text.pow      0x0800e950       0xe0 /opt/stm32cubeide/plugins/com.st.stm32cube.ide.mcu.externaltools.gnu-tools-for-stm32.12.3.rel1.linux64_1.1.0.202410170702/tools/bin/../lib/gcc/arm-none-eabi/12.3.1/../../../../arm-none-eabi/lib/thumb/v7e-m+fp/hard/libm.a(libm_a-w_pow.o)
                0x0800e950                pow
 .text.finite   0x0800ea30       0x16 /opt/stm32cubeide/plugins/com.st.stm32cube.ide.mcu.externaltools.gnu-tools-for-stm32.12.3.rel1.linux64_1.1.0.202410170702/tools/bin/../lib/gcc/arm-none-eabi/12.3.1/../../../../arm-none-eabi/lib/thumb/v7e-m+fp/hard/libm.a(libm_a-s_finite.o)
                0x0800ea30                finite
 *fill*         0x0800ea46        0x2 
 .text.__ieee754_pow
                0x0800ea48      0xa88 /opt/stm32cubeide/plugins/com.st.stm32cube.ide.mcu.externaltools.gnu-tools-for-stm32.12.3.rel1.linux64_1.1.0.202410170702/tools/bin/../lib/gcc/arm-none-eabi/12.3.1/../../../../arm-none-eabi/lib/thumb/v7e-m+fp/hard/libm.a(libm_a-e_pow.o)
                0x0800ea48                __ieee754_pow
 .text.fabs     0x0800f4d0       0x10 /opt/stm32cubeide/plugins/com.st.stm32cube.ide.mcu.externaltools.gnu-tools-for-stm32.12.3.rel1.linux64_1.1.0.202410170702/tools/bin/../lib/gcc/arm-none-eabi/12.3.1/../../../../arm-none-eabi/lib/thumb/v7e-m+fp/hard/libm.a(libm_a-s_fabs.o)
                0x0800f4d0                fabs
 .text.scalbn   0x0800f4e0       0xfc /opt/stm32cubeide/plugins/com.st.stm32cube.ide.mcu.externaltools.gnu-tools-for-stm32.12.3.rel1.linux64_1.1.0.202410170702/tools/bin/../lib/gcc/arm-none-eabi/12.3.1/../../../../arm-none-eabi/lib/thumb/v7e-m+fp/hard/libm.a(libm_a-s_scalbn.o)
                0x0800f4e0                scalbn
 .text.with_errno
                0x0800f5dc       0x24 /opt/stm32cubeide/plugins/com.st.stm32cube.ide.mcu.externaltools.gnu-tools-for-stm32.12.3.rel1.linux64_1.1.0.202410170702/tools/bin/../lib/gcc/arm-none-eabi/12.3.1/../../../../arm-none-eabi/lib/thumb/v7e-m+fp/hard/libm.a(libm_a-math_err.o)
 .text.xflow    0x0800f600       0x32 /opt/stm32cubeide/plugins/com.st.stm32cube.ide.mcu.externaltools.gnu-tools-for-stm32.12.3.rel1.linux64_1.1.0.202410170702/tools/bin/../lib/gcc/arm-none-eabi/12.3.1/../../../../arm-none-eabi/lib/thumb/v7e-m+fp/hard/libm.a(libm_a-math_err.o)
 *fill*         0x0800f632        0x6 
 .text.__math_uflow
                0x0800f638       0x10 /opt/stm32cubeide/plugins/com.st.stm32cube.ide.mcu.externaltools.gnu-tools-for-stm32.12.3.rel1.linux64_1.1.0.202410170702/tools/bin/../lib/gcc/arm-none-eabi/12.3.1/../../../../arm-none-eabi/lib/thumb/v7e-m+fp/hard/libm.a(libm_a-math_err.o)
                0x0800f638                __math_uflow
 .text.__math_oflow
                0x0800f648       0x10 /opt/stm32cubeide/plugins/com.st.stm32cube.ide.mcu.externaltools.gnu-tools-for-stm32.12.3.rel1.linux64_1.1.0.202410170702/tools/bin/../lib/gcc/arm-none-eabi/12.3.1/../../../../arm-none-eabi/lib/thumb/v7e-m+fp/hard/libm.a(libm_a-math_err.o)
                0x0800f648                __math_oflow
 .text.__ieee754_sqrt
                0x0800f658      0x1b4 /opt/stm32cubeide/plugins/com.st.stm32cube.ide.mcu.externaltools.gnu-tools-for-stm32.12.3.rel1.linux64_1.1.0.202410170702/tools/bin/../lib/gcc/arm-none-eabi/12.3.1/../../../../arm-none-eabi/lib/thumb/v7e-m+fp/hard/libm.a(libm_a-e_sqrt.o)
                0x0800f658                __ieee754_sqrt
 .text.abort    0x0800f80c        0xe /opt/stm32cubeide/plugins/com.st.stm32cube.ide.mcu.externaltools.gnu-tools-for-stm32.12.3.rel1.linux64_1.1.0.202410170702/tools/bin/../lib/gcc/arm-none-eabi/12.3.1/../../../../arm-none-eabi/lib/thumb/v7e-m+fp/hard/libc.a(libc_a-abort.o)
                0x0800f80c                abort
 *fill*         0x0800f81a        0x2 
 .text.malloc   0x0800f81c       0x10 /opt/stm32cubeide/plugins/com.st.stm32cube.ide.mcu.externaltools.gnu-tools-for-stm32.12.3.rel1.linux64_1.1.0.202410170702/tools/bin/../lib/gcc/arm-none-eabi/12.3.1/../../../../arm-none-eabi/lib/thumb/v7e-m+fp/hard/libc.a(libc_a-malloc.o)
                0x0800f81c                malloc
 .text.free     0x0800f82c       0x10 /opt/stm32cubeide/plugins/com.st.stm32cube.ide.mcu.externaltools.gnu-tools-for-stm32.12.3.rel1.linux64_1.1.0.202410170702/tools/bin/../lib/gcc/arm-none-eabi/12.3.1/../../../../arm-none-eabi/lib/thumb/v7e-m+fp/hard/libc.a(libc_a-malloc.o)
                0x0800f82c                free
 .text._malloc_r
                0x0800f83c      0x474 /opt/stm32cubeide/plugins/com.st.stm32cube.ide.mcu.externaltools.gnu-tools-for-stm32.12.3.rel1.linux64_1.1.0.202410170702/tools/bin/../lib/gcc/arm-none-eabi/12.3.1/../../../../arm-none-eabi/lib/thumb/v7e-m+fp/hard/libc.a(libc_a-mallocr.o)
                0x0800f83c                _malloc_r
 .text.__malloc_lock
                0x0800fcb0        0xc /opt/stm32cubeide/plugins/com.st.stm32cube.ide.mcu.externaltools.gnu-tools-for-stm32.12.3.rel1.linux64_1.1.0.202410170702/tools/bin/../lib/gcc/arm-none-eabi/12.3.1/../../../../arm-none-eabi/lib/thumb/v7e-m+fp/hard/libc.a(libc_a-mlock.o)
                0x0800fcb0                __malloc_lock
 .text.__malloc_unlock
                0x0800fcbc        0xc /opt/stm32cubeide/plugins/com.st.stm32cube.ide.mcu.externaltools.gnu-tools-for-stm32.12.3.rel1.linux64_1.1.0.202410170702/tools/bin/../lib/gcc/arm-none-eabi/12.3.1/../../../../arm-none-eabi/lib/thumb/v7e-m+fp/hard/libc.a(libc_a-mlock.o)
                0x0800fcbc                __malloc_unlock
 .text._strtoull_l.constprop.0
                0x0800fcc8      0x12c /opt/stm32cubeide/plugins/com.st.stm32cube.ide.mcu.externaltools.gnu-tools-for-stm32.12.3.rel1.linux64_1.1.0.202410170702/tools/bin/../lib/gcc/arm-none-eabi/12.3.1/../../../../arm-none-eabi/lib/thumb/v7e-m+fp/hard/libc.a(libc_a-strtoull.o)
 .text.strtoull
                0x0800fdf4       0x14 /opt/stm32cubeide/plugins/com.st.stm32cube.ide.mcu.externaltools.gnu-tools-for-stm32.12.3.rel1.linux64_1.1.0.202410170702/tools/bin/../lib/gcc/arm-none-eabi/12.3.1/../../../../arm-none-eabi/lib/thumb/v7e-m+fp/hard/libc.a(libc_a-strtoull.o)
                0x0800fdf4                strtoull
 .text.std      0x0800fe08       0x6c /opt/stm32cubeide/plugins/com.st.stm32cube.ide.mcu.externaltools.gnu-tools-for-stm32.12.3.rel1.linux64_1.1.0.202410170702/tools/bin/../lib/gcc/arm-none-eabi/12.3.1/../../../../arm-none-eabi/lib/thumb/v7e-m+fp/hard/libc.a(libc_a-findfp.o)
 .text.stdio_exit_handler
                0x0800fe74       0x18 /opt/stm32cubeide/plugins/com.st.stm32cube.ide.mcu.externaltools.gnu-tools-for-stm32.12.3.rel1.linux64_1.1.0.202410170702/tools/bin/../lib/gcc/arm-none-eabi/12.3.1/../../../../arm-none-eabi/lib/thumb/v7e-m+fp/hard/libc.a(libc_a-findfp.o)
 .text.cleanup_stdio
                0x0800fe8c       0x40 /opt/stm32cubeide/plugins/com.st.stm32cube.ide.mcu.externaltools.gnu-tools-for-stm32.12.3.rel1.linux64_1.1.0.202410170702/tools/bin/../lib/gcc/arm-none-eabi/12.3.1/../../../../arm-none-eabi/lib/thumb/v7e-m+fp/hard/libc.a(libc_a-findfp.o)
 .text.global_stdio_init.part.0
                0x0800fecc       0x3c /opt/stm32cubeide/plugins/com.st.stm32cube.ide.mcu.externaltools.gnu-tools-for-stm32.12.3.rel1.linux64_1.1.0.202410170702/tools/bin/../lib/gcc/arm-none-eabi/12.3.1/../../../../arm-none-eabi/lib/thumb/v7e-m+fp/hard/libc.a(libc_a-findfp.o)
 .text.__sfp_lock_acquire
                0x0800ff08        0xc /opt/stm32cubeide/plugins/com.st.stm32cube.ide.mcu.externaltools.gnu-tools-for-stm32.12.3.rel1.linux64_1.1.0.202410170702/tools/bin/../lib/gcc/arm-none-eabi/12.3.1/../../../../arm-none-eabi/lib/thumb/v7e-m+fp/hard/libc.a(libc_a-findfp.o)
                0x0800ff08                __sfp_lock_acquire
 .text.__sfp_lock_release
                0x0800ff14        0xc /opt/stm32cubeide/plugins/com.st.stm32cube.ide.mcu.externaltools.gnu-tools-for-stm32.12.3.rel1.linux64_1.1.0.202410170702/tools/bin/../lib/gcc/arm-none-eabi/12.3.1/../../../../arm-none-eabi/lib/thumb/v7e-m+fp/hard/libc.a(libc_a-findfp.o)
                0x0800ff14                __sfp_lock_release
 .text.__sinit  0x0800ff20       0x30 /opt/stm32cubeide/plugins/com.st.stm32cube.ide.mcu.externaltools.gnu-tools-for-stm32.12.3.rel1.linux64_1.1.0.202410170702/tools/bin/../lib/gcc/arm-none-eabi/12.3.1/../../../../arm-none-eabi/lib/thumb/v7e-m+fp/hard/libc.a(libc_a-findfp.o)
                0x0800ff20                __sinit
 .text._fwalk_sglue
                0x0800ff50       0x3c /opt/stm32cubeide/plugins/com.st.stm32cube.ide.mcu.externaltools.gnu-tools-for-stm32.12.3.rel1.linux64_1.1.0.202410170702/tools/bin/../lib/gcc/arm-none-eabi/12.3.1/../../../../arm-none-eabi/lib/thumb/v7e-m+fp/hard/libc.a(libc_a-fwalk.o)
                0x0800ff50                _fwalk_sglue
 .text.snprintf
                0x0800ff8c       0x68 /opt/stm32cubeide/plugins/com.st.stm32cube.ide.mcu.externaltools.gnu-tools-for-stm32.12.3.rel1.linux64_1.1.0.202410170702/tools/bin/../lib/gcc/arm-none-eabi/12.3.1/../../../../arm-none-eabi/lib/thumb/v7e-m+fp/hard/libc.a(libc_a-snprintf.o)
                0x0800ff8c                snprintf
 .text.sprintf  0x0800fff4       0x40 /opt/stm32cubeide/plugins/com.st.stm32cube.ide.mcu.externaltools.gnu-tools-for-stm32.12.3.rel1.linux64_1.1.0.202410170702/tools/bin/../lib/gcc/arm-none-eabi/12.3.1/../../../../arm-none-eabi/lib/thumb/v7e-m+fp/hard/libc.a(libc_a-sprintf.o)
                0x0800fff4                sprintf
 .text.__sread  0x08010034       0x22 /opt/stm32cubeide/plugins/com.st.stm32cube.ide.mcu.externaltools.gnu-tools-for-stm32.12.3.rel1.linux64_1.1.0.202410170702/tools/bin/../lib/gcc/arm-none-eabi/12.3.1/../../../../arm-none-eabi/lib/thumb/v7e-m+fp/hard/libc.a(libc_a-stdio.o)
                0x08010034                __sread
 .text.__swrite
                0x08010056       0x38 /opt/stm32cubeide/plugins/com.st.stm32cube.ide.mcu.externaltools.gnu-tools-for-stm32.12.3.rel1.linux64_1.1.0.202410170702/tools/bin/../lib/gcc/arm-none-eabi/12.3.1/../../../../arm-none-eabi/lib/thumb/v7e-m+fp/hard/libc.a(libc_a-stdio.o)
                0x08010056                __swrite
 .text.__sseek  0x0801008e       0x24 /opt/stm32cubeide/plugins/com.st.stm32cube.ide.mcu.externaltools.gnu-tools-for-stm32.12.3.rel1.linux64_1.1.0.202410170702/tools/bin/../lib/gcc/arm-none-eabi/12.3.1/../../../../arm-none-eabi/lib/thumb/v7e-m+fp/hard/libc.a(libc_a-stdio.o)
                0x0801008e                __sseek
 .text.__sclose
                0x080100b2        0x8 /opt/stm32cubeide/plugins/com.st.stm32cube.ide.mcu.externaltools.gnu-tools-for-stm32.12.3.rel1.linux64_1.1.0.202410170702/tools/bin/../lib/gcc/arm-none-eabi/12.3.1/../../../../arm-none-eabi/lib/thumb/v7e-m+fp/hard/libc.a(libc_a-stdio.o)
                0x080100b2                __sclose
 .text.memmove  0x080100ba       0x34 /opt/stm32cubeide/plugins/com.st.stm32cube.ide.mcu.externaltools.gnu-tools-for-stm32.12.3.rel1.linux64_1.1.0.202410170702/tools/bin/../lib/gcc/arm-none-eabi/12.3.1/../../../../arm-none-eabi/lib/thumb/v7e-m+fp/hard/libc.a(libc_a-memmove.o)
                0x080100ba                memmove
 .text.memset   0x080100ee       0x10 /opt/stm32cubeide/plugins/com.st.stm32cube.ide.mcu.externaltools.gnu-tools-for-stm32.12.3.rel1.linux64_1.1.0.202410170702/tools/bin/../lib/gcc/arm-none-eabi/12.3.1/../../../../arm-none-eabi/lib/thumb/v7e-m+fp/hard/libc.a(libc_a-memset.o)
                0x080100ee                memset
 *fill*         0x080100fe        0x2 
 .text.strtok   0x08010100       0x10 /opt/stm32cubeide/plugins/com.st.stm32cube.ide.mcu.externaltools.gnu-tools-for-stm32.12.3.rel1.linux64_1.1.0.202410170702/tools/bin/../lib/gcc/arm-none-eabi/12.3.1/../../../../arm-none-eabi/lib/thumb/v7e-m+fp/hard/libc.a(libc_a-strtok.o)
                0x08010100                strtok
 .text.__strtok_r
                0x08010110       0x50 /opt/stm32cubeide/plugins/com.st.stm32cube.ide.mcu.externaltools.gnu-tools-for-stm32.12.3.rel1.linux64_1.1.0.202410170702/tools/bin/../lib/gcc/arm-none-eabi/12.3.1/../../../../arm-none-eabi/lib/thumb/v7e-m+fp/hard/libc.a(libc_a-strtok_r.o)
                0x08010110                __strtok_r
 .text._raise_r
                0x08010160       0x52 /opt/stm32cubeide/plugins/com.st.stm32cube.ide.mcu.externaltools.gnu-tools-for-stm32.12.3.rel1.linux64_1.1.0.202410170702/tools/bin/../lib/gcc/arm-none-eabi/12.3.1/../../../../arm-none-eabi/lib/thumb/v7e-m+fp/hard/libc.a(libc_a-signal.o)
                0x08010160                _raise_r
 *fill*         0x080101b2        0x2 
 .text.raise    0x080101b4       0x10 /opt/stm32cubeide/plugins/com.st.stm32cube.ide.mcu.externaltools.gnu-tools-for-stm32.12.3.rel1.linux64_1.1.0.202410170702/tools/bin/../lib/gcc/arm-none-eabi/12.3.1/../../../../arm-none-eabi/lib/thumb/v7e-m+fp/hard/libc.a(libc_a-signal.o)
                0x080101b4                raise
 .text._close_r
                0x080101c4       0x20 /opt/stm32cubeide/plugins/com.st.stm32cube.ide.mcu.externaltools.gnu-tools-for-stm32.12.3.rel1.linux64_1.1.0.202410170702/tools/bin/../lib/gcc/arm-none-eabi/12.3.1/../../../../arm-none-eabi/lib/thumb/v7e-m+fp/hard/libc.a(libc_a-closer.o)
                0x080101c4                _close_r
 .text._lseek_r
                0x080101e4       0x24 /opt/stm32cubeide/plugins/com.st.stm32cube.ide.mcu.externaltools.gnu-tools-for-stm32.12.3.rel1.linux64_1.1.0.202410170702/tools/bin/../lib/gcc/arm-none-eabi/12.3.1/../../../../arm-none-eabi/lib/thumb/v7e-m+fp/hard/libc.a(libc_a-lseekr.o)
                0x080101e4                _lseek_r
 .text._read_r  0x08010208       0x24 /opt/stm32cubeide/plugins/com.st.stm32cube.ide.mcu.externaltools.gnu-tools-for-stm32.12.3.rel1.linux64_1.1.0.202410170702/tools/bin/../lib/gcc/arm-none-eabi/12.3.1/../../../../arm-none-eabi/lib/thumb/v7e-m+fp/hard/libc.a(libc_a-readr.o)
                0x08010208                _read_r
 .text._kill_r  0x0801022c       0x24 /opt/stm32cubeide/plugins/com.st.stm32cube.ide.mcu.externaltools.gnu-tools-for-stm32.12.3.rel1.linux64_1.1.0.202410170702/tools/bin/../lib/gcc/arm-none-eabi/12.3.1/../../../../arm-none-eabi/lib/thumb/v7e-m+fp/hard/libc.a(libc_a-signalr.o)
                0x0801022c                _kill_r
 .text._getpid_r
                0x08010250        0x4 /opt/stm32cubeide/plugins/com.st.stm32cube.ide.mcu.externaltools.gnu-tools-for-stm32.12.3.rel1.linux64_1.1.0.202410170702/tools/bin/../lib/gcc/arm-none-eabi/12.3.1/../../../../arm-none-eabi/lib/thumb/v7e-m+fp/hard/libc.a(libc_a-signalr.o)
                0x08010250                _getpid_r
 .text._sbrk_r  0x08010254       0x20 /opt/stm32cubeide/plugins/com.st.stm32cube.ide.mcu.externaltools.gnu-tools-for-stm32.12.3.rel1.linux64_1.1.0.202410170702/tools/bin/../lib/gcc/arm-none-eabi/12.3.1/../../../../arm-none-eabi/lib/thumb/v7e-m+fp/hard/libc.a(libc_a-sbrkr.o)
                0x08010254                _sbrk_r
 .text._write_r
                0x08010274       0x24 /opt/stm32cubeide/plugins/com.st.stm32cube.ide.mcu.externaltools.gnu-tools-for-stm32.12.3.rel1.linux64_1.1.0.202410170702/tools/bin/../lib/gcc/arm-none-eabi/12.3.1/../../../../arm-none-eabi/lib/thumb/v7e-m+fp/hard/libc.a(libc_a-writer.o)
                0x08010274                _write_r
 .text.__errno  0x08010298        0xc /opt/stm32cubeide/plugins/com.st.stm32cube.ide.mcu.externaltools.gnu-tools-for-stm32.12.3.rel1.linux64_1.1.0.202410170702/tools/bin/../lib/gcc/arm-none-eabi/12.3.1/../../../../arm-none-eabi/lib/thumb/v7e-m+fp/hard/libc.a(libc_a-errno.o)
                0x08010298                __errno
 .text.__libc_init_array
                0x080102a4       0x48 /opt/stm32cubeide/plugins/com.st.stm32cube.ide.mcu.externaltools.gnu-tools-for-stm32.12.3.rel1.linux64_1.1.0.202410170702/tools/bin/../lib/gcc/arm-none-eabi/12.3.1/../../../../arm-none-eabi/lib/thumb/v7e-m+fp/hard/libc.a(libc_a-init.o)
                0x080102a4                __libc_init_array
 .text.__retarget_lock_init_recursive
                0x080102ec        0x2 /opt/stm32cubeide/plugins/com.st.stm32cube.ide.mcu.externaltools.gnu-tools-for-stm32.12.3.rel1.linux64_1.1.0.202410170702/tools/bin/../lib/gcc/arm-none-eabi/12.3.1/../../../../arm-none-eabi/lib/thumb/v7e-m+fp/hard/libc.a(libc_a-lock.o)
                0x080102ec                __retarget_lock_init_recursive
 .text.__retarget_lock_close_recursive
                0x080102ee        0x2 /opt/stm32cubeide/plugins/com.st.stm32cube.ide.mcu.externaltools.gnu-tools-for-stm32.12.3.rel1.linux64_1.1.0.202410170702/tools/bin/../lib/gcc/arm-none-eabi/12.3.1/../../../../arm-none-eabi/lib/thumb/v7e-m+fp/hard/libc.a(libc_a-lock.o)
                0x080102ee                __retarget_lock_close_recursive
 .text.__retarget_lock_acquire_recursive
                0x080102f0        0x2 /opt/stm32cubeide/plugins/com.st.stm32cube.ide.mcu.externaltools.gnu-tools-for-stm32.12.3.rel1.linux64_1.1.0.202410170702/tools/bin/../lib/gcc/arm-none-eabi/12.3.1/../../../../arm-none-eabi/lib/thumb/v7e-m+fp/hard/libc.a(libc_a-lock.o)
                0x080102f0                __retarget_lock_acquire_recursive
 .text.__retarget_lock_release_recursive
                0x080102f2        0x2 /opt/stm32cubeide/plugins/com.st.stm32cube.ide.mcu.externaltools.gnu-tools-for-stm32.12.3.rel1.linux64_1.1.0.202410170702/tools/bin/../lib/gcc/arm-none-eabi/12.3.1/../../../../arm-none-eabi/lib/thumb/v7e-m+fp/hard/libc.a(libc_a-lock.o)
                0x080102f2                __retarget_lock_release_recursive
 .text.sysconf  0x080102f4       0x18 /opt/stm32cubeide/plugins/com.st.stm32cube.ide.mcu.externaltools.gnu-tools-for-stm32.12.3.rel1.linux64_1.1.0.202410170702/tools/bin/../lib/gcc/arm-none-eabi/12.3.1/../../../../arm-none-eabi/lib/thumb/v7e-m+fp/hard/libc.a(libc_a-sysconf.o)
                0x080102f4                sysconf
 .text.memcpy   0x0801030c       0x1c /opt/stm32cubeide/plugins/com.st.stm32cube.ide.mcu.externaltools.gnu-tools-for-stm32.12.3.rel1.linux64_1.1.0.202410170702/tools/bin/../lib/gcc/arm-none-eabi/12.3.1/../../../../arm-none-eabi/lib/thumb/v7e-m+fp/hard/libc.a(libc_a-memcpy-stub.o)
                0x0801030c                memcpy
 .text.startup.register_fini
                0x08010328       0x14 /opt/stm32cubeide/plugins/com.st.stm32cube.ide.mcu.externaltools.gnu-tools-for-stm32.12.3.rel1.linux64_1.1.0.202410170702/tools/bin/../lib/gcc/arm-none-eabi/12.3.1/../../../../arm-none-eabi/lib/thumb/v7e-m+fp/hard/libc.a(libc_a-__call_atexit.o)
 .text.atexit   0x0801033c        0xc /opt/stm32cubeide/plugins/com.st.stm32cube.ide.mcu.externaltools.gnu-tools-for-stm32.12.3.rel1.linux64_1.1.0.202410170702/tools/bin/../lib/gcc/arm-none-eabi/12.3.1/../../../../arm-none-eabi/lib/thumb/v7e-m+fp/hard/libc.a(libc_a-atexit.o)
                0x0801033c                atexit
 .text._malloc_trim_r
                0x08010348       0xac /opt/stm32cubeide/plugins/com.st.stm32cube.ide.mcu.externaltools.gnu-tools-for-stm32.12.3.rel1.linux64_1.1.0.202410170702/tools/bin/../lib/gcc/arm-none-eabi/12.3.1/../../../../arm-none-eabi/lib/thumb/v7e-m+fp/hard/libc.a(libc_a-freer.o)
                0x08010348                _malloc_trim_r
 .text._free_r  0x080103f4      0x180 /opt/stm32cubeide/plugins/com.st.stm32cube.ide.mcu.externaltools.gnu-tools-for-stm32.12.3.rel1.linux64_1.1.0.202410170702/tools/bin/../lib/gcc/arm-none-eabi/12.3.1/../../../../arm-none-eabi/lib/thumb/v7e-m+fp/hard/libc.a(libc_a-freer.o)
                0x080103f4                _free_r
 *fill*         0x08010574        0x4 
 .text._svfprintf_r
                0x08010578     0x13bc /opt/stm32cubeide/plugins/com.st.stm32cube.ide.mcu.externaltools.gnu-tools-for-stm32.12.3.rel1.linux64_1.1.0.202410170702/tools/bin/../lib/gcc/arm-none-eabi/12.3.1/../../../../arm-none-eabi/lib/thumb/v7e-m+fp/hard/libc.a(libc_a-svfprintf.o)
                0x08010578                _svfprintf_r
 .text._fclose_r
                0x08011934       0xaa /opt/stm32cubeide/plugins/com.st.stm32cube.ide.mcu.externaltools.gnu-tools-for-stm32.12.3.rel1.linux64_1.1.0.202410170702/tools/bin/../lib/gcc/arm-none-eabi/12.3.1/../../../../arm-none-eabi/lib/thumb/v7e-m+fp/hard/libc.a(libc_a-fclose.o)
                0x08011934                _fclose_r
 *fill*         0x080119de        0x2 
 .text.__sflush_r
                0x080119e0      0x110 /opt/stm32cubeide/plugins/com.st.stm32cube.ide.mcu.externaltools.gnu-tools-for-stm32.12.3.rel1.linux64_1.1.0.202410170702/tools/bin/../lib/gcc/arm-none-eabi/12.3.1/../../../../arm-none-eabi/lib/thumb/v7e-m+fp/hard/libc.a(libc_a-fflush.o)
                0x080119e0                __sflush_r
 .text._fflush_r
                0x08011af0       0x4a /opt/stm32cubeide/plugins/com.st.stm32cube.ide.mcu.externaltools.gnu-tools-for-stm32.12.3.rel1.linux64_1.1.0.202410170702/tools/bin/../lib/gcc/arm-none-eabi/12.3.1/../../../../arm-none-eabi/lib/thumb/v7e-m+fp/hard/libc.a(libc_a-fflush.o)
                0x08011af0                _fflush_r
 .text.strncpy  0x08011b3a       0x26 /opt/stm32cubeide/plugins/com.st.stm32cube.ide.mcu.externaltools.gnu-tools-for-stm32.12.3.rel1.linux64_1.1.0.202410170702/tools/bin/../lib/gcc/arm-none-eabi/12.3.1/../../../../arm-none-eabi/lib/thumb/v7e-m+fp/hard/libc.a(libc_a-strncpy.o)
                0x08011b3a                strncpy
 .text._localeconv_r
                0x08011b60        0x8 /opt/stm32cubeide/plugins/com.st.stm32cube.ide.mcu.externaltools.gnu-tools-for-stm32.12.3.rel1.linux64_1.1.0.202410170702/tools/bin/../lib/gcc/arm-none-eabi/12.3.1/../../../../arm-none-eabi/lib/thumb/v7e-m+fp/hard/libc.a(libc_a-localeconv.o)
                0x08011b60                _localeconv_r
 .text.__libc_fini_array
                0x08011b68       0x28 /opt/stm32cubeide/plugins/com.st.stm32cube.ide.mcu.externaltools.gnu-tools-for-stm32.12.3.rel1.linux64_1.1.0.202410170702/tools/bin/../lib/gcc/arm-none-eabi/12.3.1/../../../../arm-none-eabi/lib/thumb/v7e-m+fp/hard/libc.a(libc_a-fini.o)
                0x08011b68                __libc_fini_array
 .text.frexp    0x08011b90       0x6c /opt/stm32cubeide/plugins/com.st.stm32cube.ide.mcu.externaltools.gnu-tools-for-stm32.12.3.rel1.linux64_1.1.0.202410170702/tools/bin/../lib/gcc/arm-none-eabi/12.3.1/../../../../arm-none-eabi/lib/thumb/v7e-m+fp/hard/libc.a(libm_a-s_frexp.o)
                0x08011b90                frexp
 .text.__register_exitproc